Component: ARM Compiler 5.06 update 7 (build 960) Tool: armlink [4d3601]

==============================================================================

Section Cross References

    startup_stm32f103xe.o(STACK) refers (Special) to heapauxi.o(.text) for __use_two_region_memory
    startup_stm32f103xe.o(HEAP) refers (Special) to heapauxi.o(.text) for __use_two_region_memory
    startup_stm32f103xe.o(RESET) refers (Special) to heapauxi.o(.text) for __use_two_region_memory
    startup_stm32f103xe.o(RESET) refers to startup_stm32f103xe.o(STACK) for __initial_sp
    startup_stm32f103xe.o(RESET) refers to startup_stm32f103xe.o(.text) for Reset_Handler
    startup_stm32f103xe.o(RESET) refers to stm32f1xx_it.o(i.NMI_Handler) for NMI_Handler
    startup_stm32f103xe.o(RESET) refers to stm32f1xx_it.o(i.HardFault_Handler) for HardFault_Handler
    startup_stm32f103xe.o(RESET) refers to stm32f1xx_it.o(i.MemManage_Handler) for MemManage_Handler
    startup_stm32f103xe.o(RESET) refers to stm32f1xx_it.o(i.BusFault_Handler) for BusFault_Handler
    startup_stm32f103xe.o(RESET) refers to stm32f1xx_it.o(i.UsageFault_Handler) for UsageFault_Handler
    startup_stm32f103xe.o(RESET) refers to stm32f1xx_it.o(i.SVC_Handler) for SVC_Handler
    startup_stm32f103xe.o(RESET) refers to stm32f1xx_it.o(i.DebugMon_Handler) for DebugMon_Handler
    startup_stm32f103xe.o(RESET) refers to stm32f1xx_it.o(i.PendSV_Handler) for PendSV_Handler
    startup_stm32f103xe.o(RESET) refers to stm32f1xx_it.o(i.SysTick_Handler) for SysTick_Handler
    startup_stm32f103xe.o(RESET) refers to stm32f1xx_it.o(i.TIM2_IRQHandler) for TIM2_IRQHandler
    startup_stm32f103xe.o(RESET) refers to stm32f1xx_it.o(i.TIM4_IRQHandler) for TIM4_IRQHandler
    startup_stm32f103xe.o(RESET) refers to stm32f1xx_it.o(i.USART1_IRQHandler) for USART1_IRQHandler
    startup_stm32f103xe.o(RESET) refers to stm32f1xx_it.o(i.USART2_IRQHandler) for USART2_IRQHandler
    startup_stm32f103xe.o(RESET) refers to stm32f1xx_it.o(i.TIM8_BRK_IRQHandler) for TIM8_BRK_IRQHandler
    startup_stm32f103xe.o(RESET) refers to stm32f1xx_it.o(i.TIM5_IRQHandler) for TIM5_IRQHandler
    startup_stm32f103xe.o(RESET) refers to stm32f1xx_it.o(i.TIM6_IRQHandler) for TIM6_IRQHandler
    startup_stm32f103xe.o(RESET) refers to stm32f1xx_it.o(i.TIM7_IRQHandler) for TIM7_IRQHandler
    startup_stm32f103xe.o(.text) refers (Special) to heapauxi.o(.text) for __use_two_region_memory
    startup_stm32f103xe.o(.text) refers to system_stm32f1xx.o(i.SystemInit) for SystemInit
    startup_stm32f103xe.o(.text) refers to __main.o(!!!main) for __main
    startup_stm32f103xe.o(.text) refers to startup_stm32f103xe.o(HEAP) for Heap_Mem
    startup_stm32f103xe.o(.text) refers to startup_stm32f103xe.o(STACK) for Stack_Mem
    main.o(i.SystemClock_Config) refers to rt_memclr_w.o(.text) for __aeabi_memclr4
    main.o(i.SystemClock_Config) refers to stm32f1xx_hal_rcc.o(i.HAL_RCC_OscConfig) for HAL_RCC_OscConfig
    main.o(i.SystemClock_Config) refers to stm32f1xx_hal_rcc.o(i.HAL_RCC_ClockConfig) for HAL_RCC_ClockConfig
    main.o(i.main) refers to _printf_percent.o(.ARM.Collect$$_printf_percent$$00000000) for _printf_percent
    main.o(i.main) refers to _printf_f.o(.ARM.Collect$$_printf_percent$$00000003) for _printf_f
    main.o(i.main) refers to printf1.o(x$fpl$printf1) for _printf_fp_dec
    main.o(i.main) refers to stm32f1xx_hal.o(i.HAL_Init) for HAL_Init
    main.o(i.main) refers to main.o(i.SystemClock_Config) for SystemClock_Config
    main.o(i.main) refers to gpio.o(i.MX_GPIO_Init) for MX_GPIO_Init
    main.o(i.main) refers to usart.o(i.MX_USART1_UART_Init) for MX_USART1_UART_Init
    main.o(i.main) refers to usart.o(i.MX_USART2_UART_Init) for MX_USART2_UART_Init
    main.o(i.main) refers to tim.o(i.MX_TIM2_Init) for MX_TIM2_Init
    main.o(i.main) refers to tim.o(i.MX_TIM3_Init) for MX_TIM3_Init
    main.o(i.main) refers to tim.o(i.MX_TIM4_Init) for MX_TIM4_Init
    main.o(i.main) refers to tim.o(i.MX_TIM5_Init) for MX_TIM5_Init
    main.o(i.main) refers to tim.o(i.MX_TIM8_Init) for MX_TIM8_Init
    main.o(i.main) refers to tim.o(i.MX_TIM7_Init) for MX_TIM7_Init
    main.o(i.main) refers to can.o(i.MX_CAN_Init) for MX_CAN_Init
    main.o(i.main) refers to i2c.o(i.MX_I2C2_Init) for MX_I2C2_Init
    main.o(i.main) refers to tim.o(i.MX_TIM6_Init) for MX_TIM6_Init
    main.o(i.main) refers to usart.o(i.MX_UART5_Init) for MX_UART5_Init
    main.o(i.main) refers to usart.o(i.MX_USART3_UART_Init) for MX_USART3_UART_Init
    main.o(i.main) refers to stm32f1xx_hal_uart.o(i.HAL_UART_Receive_IT) for HAL_UART_Receive_IT
    main.o(i.main) refers to motor.o(i.Motor_Init) for Motor_Init
    main.o(i.main) refers to motor.o(i.MotorControll) for MotorControll
    main.o(i.main) refers to f2d.o(x$fpl$f2d) for __aeabi_f2d
    main.o(i.main) refers to noretval__2printf.o(.text) for __2printf
    main.o(i.main) refers to stm32f1xx_hal.o(i.HAL_Delay) for HAL_Delay
    main.o(i.main) refers to callback.o(.data) for Data
[...]
    .ARM.Collect$$libshutdown$$00000004      0x080001c4   Section        0  libshutdown2.o(.ARM.Collect$$libshutdown$$00000004)
    .ARM.Collect$$libshutdown$$00000006      0x080001c4   Section        0  libshutdown2.o(.ARM.Collect$$libshutdown$$00000006)
    .ARM.Collect$$libshutdown$$00000009      0x080001c4   Section        0  libshutdown2.o(.ARM.Collect$$libshutdown$$00000009)
    .ARM.Collect$$libshutdown$$0000000C      0x080001c4   Section        0  libshutdown2.o(.ARM.Collect$$libshutdown$$0000000C)
    .ARM.Collect$$libshutdown$$0000000E      0x080001c4   Section        0  libshutdown2.o(.ARM.Collect$$libshutdown$$0000000E)
    .ARM.Collect$$libshutdown$$00000011      0x080001c4   Section        0  libshutdown2.o(.ARM.Collect$$libshutdown$$00000011)
    .ARM.Collect$$libshutdown$$00000012      0x080001c4   Section        2  libshutdown2.o(.ARM.Collect$$libshutdown$$00000012)
    .ARM.Collect$$rtentry$$00000000          0x080001c6   Section        0  __rtentry.o(.ARM.Collect$$rtentry$$00000000)
    .ARM.Collect$$rtentry$$00000002          0x080001c6   Section        0  __rtentry2.o(.ARM.Collect$$rtentry$$00000002)
    .ARM.Collect$$rtentry$$00000004          0x080001c6   Section        6  __rtentry4.o(.ARM.Collect$$rtentry$$00000004)
    .ARM.Collect$$rtentry$$00000009          0x080001cc   Section        0  __rtentry2.o(.ARM.Collect$$rtentry$$00000009)
    .ARM.Collect$$rtentry$$0000000A          0x080001cc   Section        4  __rtentry2.o(.ARM.Collect$$rtentry$$0000000A)
    .ARM.Collect$$rtentry$$0000000C          0x080001d0   Section        0  __rtentry2.o(.ARM.Collect$$rtentry$$0000000C)
    .ARM.Collect$$rtentry$$0000000D          0x080001d0   Section        8  __rtentry2.o(.ARM.Collect$$rtentry$$0000000D)
    .ARM.Collect$$rtexit$$00000000           0x080001d8   Section        2  rtexit.o(.ARM.Collect$$rtexit$$00000000)
    .ARM.Collect$$rtexit$$00000002           0x080001da   Section        0  rtexit2.o(.ARM.Collect$$rtexit$$00000002)
    .ARM.Collect$$rtexit$$00000003           0x080001da   Section        4  rtexit2.o(.ARM.Collect$$rtexit$$00000003)
    .ARM.Collect$$rtexit$$00000004           0x080001de   Section        6  rtexit2.o(.ARM.Collect$$rtexit$$00000004)
    .text                                    0x080001e4   Section       64  startup_stm32f103xe.o(.text)
    .text                                    0x08000224   Section        2  use_no_semi_2.o(.text)
    .text                                    0x08000228   Section        0  noretval__2printf.o(.text)
    .text                                    0x08000240   Section        0  __printf.o(.text)
    .text                                    0x080002a8   Section       78  rt_memclr_w.o(.text)
    .text                                    0x080002f6   Section        0  heapauxi.o(.text)
    .text                                    0x080002fc   Section        2  use_no_semi.o(.text)
    .text                                    0x080002fe   Section        0  _printf_fp_dec.o(.text)
    _fp_digits                               0x08000301   Thumb Code   432  _printf_fp_dec.o(.text)
    .text                                    0x0800071c   Section        0  _printf_char_file.o(.text)
    .text                                    0x08000740   Section        8  rt_locale_intlibspace.o(.text)
    .text                                    0x08000748   Section      138  lludiv10.o(.text)
    .text                                    0x080007d4   Section        0  _printf_char_common.o(.text)
    _printf_input_char                       0x080007d5   Thumb Code    10  _printf_char_common.o(.text)
    .text                                    0x08000804   Section        0  _printf_fp_infnan.o(.text)
    .text                                    0x08000884   Section        0  bigflt0.o(.text)
    .text                                    0x08000968   Section        0  ferror.o(.text)
    .text                                    0x08000970   Section        8  libspace.o(.text)
    .text                                    0x08000978   Section       74  sys_stackheap_outer.o(.text)
    .text                                    0x080009c2   Section        0  exit.o(.text)
    .text                                    0x080009d4   Section      128  strcmpv7m.o(.text)
    CL$$btod_d2e                             0x08000a54   Section       62  btod.o(CL$$btod_d2e)
    CL$$btod_d2e_denorm_low                  0x08000a92   Section       70  btod.o(CL$$btod_d2e_denorm_low)
    CL$$btod_d2e_norm_op1                    0x08000ad8   Section       96  btod.o(CL$$btod_d2e_norm_op1)
    CL$$btod_div_common                      0x08000b38   Section      824  btod.o(CL$$btod_div_common)
    CL$$btod_e2e                             0x08000e70   Section      220  btod.o(CL$$btod_e2e)
    CL$$btod_ediv                            0x08000f4c   Section       42  btod.o(CL$$btod_ediv)
    CL$$btod_emul                            0x08000f76   Section       42  btod.o(CL$$btod_emul)
    CL$$btod_mult_common                     0x08000fa0   Section      580  btod.o(CL$$btod_mult_common)
    i.BusFault_Handler                       0x080011e4   Section        0  stm32f1xx_it.o(i.BusFault_Handler)
    i.DebugMon_Handler                       0x080011e6   Section        0  stm32f1xx_it.o(i.DebugMon_Handler)
    i.Error_Handler                          0x080011e8   Section        0  main.o(i.Error_Handler)
    i.HAL_CAN_Init                           0x080011ec   Section        0  stm32f1xx_hal_can.o(i.HAL_CAN_Init)
    i.HAL_CAN_MspInit                        0x08001308   Section        0  can.o(i.HAL_CAN_MspInit)
    i.HAL_DMA_Abort                          0x0800138c   Section        0  stm32f1xx_hal_dma.o(i.HAL_DMA_Abort)
    i.HAL_DMA_Abort_IT                       0x080013d4   Section        0  stm32f1xx_hal_dma.o(i.HAL_DMA_Abort_IT)
    i.HAL_Delay                              0x08001504   Section        0  stm32f1xx_hal.o(i.HAL_Delay)
    i.HAL_GPIO_Init                          0x08001528   Section        0  stm32f1xx_hal_gpio.o(i.HAL_GPIO_Init)
    i.HAL_GPIO_WritePin                      0x08001720   Section        0  stm32f1xx_hal_gpio.o(i.HAL_GPIO_WritePin)
    i.HAL_GetTick                            0x0800172c   Section        0  stm32f1xx_hal.o(i.HAL_GetTick)
    i.HAL_I2C_Init                           0x08001738   Section        0  stm32f1xx_hal_i2c.o(i.HAL_I2C_Init)
    i.HAL_I2C_MspInit                        0x080018c0   Section        0  i2c.o(i.HAL_I2C_MspInit)
    i.HAL_IncTick                            0x08001920   Section        0  stm32f1xx_hal.o(i.HAL_IncTick)
    i.HAL_Init                               0x08001930   Section        0  stm32f1xx_hal.o(i.HAL_Init)
    i.HAL_InitTick                           0x08001954   Section        0  stm32f1xx_hal.o(i.HAL_InitTick)
    i.HAL_MspInit                            0x08001994   Section        0  stm32f1xx_hal_msp.o(i.HAL_MspInit)
    i.HAL_NVIC_EnableIRQ                     0x080019d0   Section        0  stm32f1xx_hal_cortex.o(i.HAL_NVIC_EnableIRQ)
    i.HAL_NVIC_SetPriority                   0x080019ec   Section        0  stm32f1xx_hal_cortex.o(i.HAL_NVIC_SetPriority)
    i.HAL_NVIC_SetPriorityGrouping           0x08001a2c   Section        0  stm32f1xx_hal_cortex.o(i.HAL_NVIC_SetPriorityGrouping)
    i.HAL_RCC_ClockConfig                    0x08001a50   Section        0  stm32f1xx_hal_rcc.o(i.HAL_RCC_ClockConfig)
    i.HAL_RCC_GetPCLK1Freq                   0x08001b7c   Section        0  stm32f1xx_hal_rcc.o(i.HAL_RCC_GetPCLK1Freq)
    i.HAL_RCC_GetPCLK2Freq                   0x08001b9c   Section        0  stm32f1xx_hal_rcc.o(i.HAL_RCC_GetPCLK2Freq)
    i.HAL_RCC_GetSysClockFreq                0x08001bbc   Section        0  stm32f1xx_hal_rcc.o(i.HAL_RCC_GetSysClockFreq)
    i.HAL_RCC_OscConfig                      0x08001c08   Section        0  stm32f1xx_hal_rcc.o(i.HAL_RCC_OscConfig)
    i.HAL_SYSTICK_Config                     0x08001f28   Section        0  stm32f1xx_hal_cortex.o(i.HAL_SYSTICK_Config)
    i.HAL_TIMEx_BreakCallback                0x08001f50   Section        0  stm32f1xx_hal_tim_ex.o(i.HAL_TIMEx_BreakCallback)
    i.HAL_TIMEx_CommutCallback               0x08001f52   Section        0  stm32f1xx_hal_tim_ex.o(i.HAL_TIMEx_CommutCallback)
    i.HAL_TIMEx_MasterConfigSynchronization  0x08001f54   Section        0  stm32f1xx_hal_tim_ex.o(i.HAL_TIMEx_MasterConfigSynchronization)
    i.HAL_TIM_Base_Init                      0x08001fd0   Section        0  stm32f1xx_hal_tim.o(i.HAL_TIM_Base_Init)
    i.HAL_TIM_Base_MspInit                   0x0800202c   Section        0  tim.o(i.HAL_TIM_Base_MspInit)
    i.HAL_TIM_Base_Start_IT                  0x08002090   Section        0  stm32f1xx_hal_tim.o(i.HAL_TIM_Base_Start_IT)
    i.HAL_TIM_Encoder_Init                   0x080020fc   Section        0  stm32f1xx_hal_tim.o(i.HAL_TIM_Encoder_Init)
    i.HAL_TIM_Encoder_MspInit                0x080021a0   Section        0  tim.o(i.HAL_TIM_Encoder_MspInit)
    i.HAL_TIM_Encoder_Start                  0x0800231c   Section        0  stm32f1xx_hal_tim.o(i.HAL_TIM_Encoder_Start)
    i.HAL_TIM_IC_CaptureCallback             0x080023aa   Section        0  stm32f1xx_hal_tim.o(i.HAL_TIM_IC_CaptureCallback)
    i.HAL_TIM_IRQHandler                     0x080023ac   Section        0  stm32f1xx_hal_tim.o(i.HAL_TIM_IRQHandler)
    i.HAL_TIM_MspPostInit                    0x080024dc   Section        0  tim.o(i.HAL_TIM_MspPostInit)
    i.HAL_TIM_OC_DelayElapsedCallback        0x0800253c   Section        0  stm32f1xx_hal_tim.o(i.HAL_TIM_OC_DelayElapsedCallback)
    i.HAL_TIM_PWM_ConfigChannel              0x0800253e   Section        0  stm32f1xx_hal_tim.o(i.HAL_TIM_PWM_ConfigChannel)
    i.HAL_TIM_PWM_Init                       0x0800260a   Section        0  stm32f1xx_hal_tim.o(i.HAL_TIM_PWM_Init)
    i.HAL_TIM_PWM_MspInit                    0x08002664   Section        0  tim.o(i.HAL_TIM_PWM_MspInit)
    i.HAL_TIM_PWM_PulseFinishedCallback      0x0800268c   Section        0  stm32f1xx_hal_tim.o(i.HAL_TIM_PWM_PulseFinishedCallback)
    i.HAL_TIM_PWM_Start                      0x08002690   Section        0  stm32f1xx_hal_tim.o(i.HAL_TIM_PWM_Start)
    i.HAL_TIM_PeriodElapsedCallback          0x08002744   Section        0  motor.o(i.HAL_TIM_PeriodElapsedCallback)
    i.HAL_TIM_TriggerCallback                0x080028fc   Section        0  stm32f1xx_hal_tim.o(i.HAL_TIM_TriggerCallback)
    i.HAL_UARTEx_RxEventCallback             0x080028fe   Section        0  stm32f1xx_hal_uart.o(i.HAL_UARTEx_RxEventCallback)
    i.HAL_UART_ErrorCallback                 0x08002900   Section        0  stm32f1xx_hal_uart.o(i.HAL_UART_ErrorCallback)
    i.HAL_UART_IRQHandler                    0x08002904   Section        0  stm32f1xx_hal_uart.o(i.HAL_UART_IRQHandler)
    i.HAL_UART_Init                          0x08002b70   Section        0  stm32f1xx_hal_uart.o(i.HAL_UART_Init)
    i.HAL_UART_MspInit                       0x08002bd4   Section        0  usart.o(i.HAL_UART_MspInit)
    i.HAL_UART_Receive_IT                    0x08002d78   Section        0  stm32f1xx_hal_uart.o(i.HAL_UART_Receive_IT)
    i.HAL_UART_RxCpltCallback                0x08002d94   Section        0  callback.o(i.HAL_UART_RxCpltCallback)
    i.HAL_UART_Transmit_IT                   0x08002e88   Section        0  stm32f1xx_hal_uart.o(i.HAL_UART_Transmit_IT)
    i.HAL_UART_TxCpltCallback                0x08002eba   Section        0  stm32f1xx_hal_uart.o(i.HAL_UART_TxCpltCallback)
    i.HardFault_Handler                      0x08002ebc   Section        0  stm32f1xx_it.o(i.HardFault_Handler)
    i.MX_CAN_Init                            0x08002ec0   Section        0  can.o(i.MX_CAN_Init)
    i.MX_GPIO_Init                           0x08002efc   Section        0  gpio.o(i.MX_GPIO_Init)
    i.MX_I2C2_Init                           0x08002fc4   Section        0  i2c.o(i.MX_I2C2_Init)
    i.MX_TIM2_Init                           0x08003004   Section        0  tim.o(i.MX_TIM2_Init)
    i.MX_TIM3_Init                           0x08003070   Section        0  tim.o(i.MX_TIM3_Init)
    i.MX_TIM4_Init                           0x08003110   Section        0  tim.o(i.MX_TIM4_Init)
    i.MX_TIM5_Init                           0x0800317c   Section        0  tim.o(i.MX_TIM5_Init)
    i.MX_TIM6_Init                           0x080031e8   Section        0  tim.o(i.MX_TIM6_Init)
    i.MX_TIM7_Init                           0x0800322c   Section        0  tim.o(i.MX_TIM7_Init)
    i.MX_TIM8_Init                           0x08003274   Section        0  tim.o(i.MX_TIM8_Init)
    i.MX_UART5_Init                          0x080032e4   Section        0  usart.o(i.MX_UART5_Init)
    i.MX_USART1_UART_Init                    0x0800331c   Section        0  usart.o(i.MX_USART1_UART_Init)
    i.MX_USART2_UART_Init                    0x08003354   Section        0  usart.o(i.MX_USART2_UART_Init)
    i.MX_USART3_UART_Init                    0x0800338c   Section        0  usart.o(i.MX_USART3_UART_Init)
    i.MemManage_Handler                      0x080033c4   Section        0  stm32f1xx_it.o(i.MemManage_Handler)
    i.MotorControll                          0x080033c8   Section        0  motor.o(i.MotorControll)
    i.Motor_Init                             0x08003528   Section        0  motor.o(i.Motor_Init)
    i.NMI_Handler                            0x08003610   Section        0  stm32f1xx_it.o(i.NMI_Handler)
    i.PendSV_Handler                         0x08003612   Section        0  stm32f1xx_it.o(i.PendSV_Handler)
    i.SVC_Handler                            0x08003614   Section        0  stm32f1xx_it.o(i.SVC_Handler)
    i.SysTick_Handler                        0x08003616   Section        0  stm32f1xx_it.o(i.SysTick_Handler)
    i.SystemClock_Config                     0x0800361a   Section        0  main.o(i.SystemClock_Config)
    i.SystemInit                             0x08003678   Section        0  system_stm32f1xx.o(i.SystemInit)
    i.TIM2_IRQHandler                        0x0800367c   Section        0  stm32f1xx_it.o(i.TIM2_IRQHandler)
    i.TIM4_IRQHandler                        0x08003688   Section        0  stm32f1xx_it.o(i.TIM4_IRQHandler)
    i.TIM5_IRQHandler                        0x08003694   Section        0  stm32f1xx_it.o(i.TIM5_IRQHandler)
    i.TIM6_IRQHandler                        0x080036a0   Section        0  stm32f1xx_it.o(i.TIM6_IRQHandler)
    i.TIM7_IRQHandler                        0x080036ac   Section        0  stm32f1xx_it.o(i.TIM7_IRQHandler)
    i.TIM8_BRK_IRQHandler                    0x080036b8   Section        0  stm32f1xx_it.o(i.TIM8_BRK_IRQHandler)
    i.TIM_Base_SetConfig                     0x080036c4   Section        0  stm32f1xx_hal_tim.o(i.TIM_Base_SetConfig)
    i.TIM_CCxChannelCmd                      0x08003760   Section        0  stm32f1xx_hal_tim.o(i.TIM_CCxChannelCmd)
    i.TIM_OC1_SetConfig                      0x0800377c   Section        0  stm32f1xx_hal_tim.o(i.TIM_OC1_SetConfig)
    TIM_OC1_SetConfig                        0x0800377d   Thumb Code    88  stm32f1xx_hal_tim.o(i.TIM_OC1_SetConfig)
    i.TIM_OC2_SetConfig                      0x080037dc   Section        0  stm32f1xx_hal_tim.o(i.TIM_OC2_SetConfig)
    i.TIM_OC3_SetConfig                      0x08003848   Section        0  stm32f1xx_hal_tim.o(i.TIM_OC3_SetConfig)
    TIM_OC3_SetConfig                        0x08003849   Thumb Code    96  stm32f1xx_hal_tim.o(i.TIM_OC3_SetConfig)
    i.TIM_OC4_SetConfig                      0x080038b0   Section        0  stm32f1xx_hal_tim.o(i.TIM_OC4_SetConfig)
    TIM_OC4_SetConfig                        0x080038b1   Thumb Code    70  stm32f1xx_hal_tim.o(i.TIM_OC4_SetConfig)
    i.UART_DMAAbortOnError                   0x08003900   Section        0  stm32f1xx_hal_uart.o(i.UART_DMAAbortOnError)
    UART_DMAAbortOnError                     0x08003901   Thumb Code    16  stm32f1xx_hal_uart.o(i.UART_DMAAbortOnError)
    i.UART_EndRxTransfer                     0x08003910   Section        0  stm32f1xx_hal_uart.o(i.UART_EndRxTransfer)
    UART_EndRxTransfer                       0x08003911   Thumb Code    78  stm32f1xx_hal_uart.o(i.UART_EndRxTransfer)
    i.UART_Receive_IT                        0x0800395e   Section        0  stm32f1xx_hal_uart.o(i.UART_Receive_IT)
    UART_Receive_IT                          0x0800395f   Thumb Code   194  stm32f1xx_hal_uart.o(i.UART_Receive_IT)
    i.UART_SetConfig                         0x08003a20   Section        0  stm32f1xx_hal_uart.o(i.UART_SetConfig)
    UART_SetConfig                           0x08003a21   Thumb Code   178  stm32f1xx_hal_uart.o(i.UART_SetConfig)
    i.UART_Start_Receive_IT                  0x08003ad8   Section        0  stm32f1xx_hal_uart.o(i.UART_Start_Receive_IT)
    i.USART1_IRQHandler                      0x08003b10   Section        0  stm32f1xx_it.o(i.USART1_IRQHandler)
    i.USART2_IRQHandler                      0x08003b1c   Section        0  stm32f1xx_it.o(i.USART2_IRQHandler)
    i.UsageFault_Handler                     0x08003b28   Section        0  stm32f1xx_it.o(i.UsageFault_Handler)
    i.__ARM_fpclassify                       0x08003b2a   Section        0  fpclassify.o(i.__ARM_fpclassify)
    i.__NVIC_SetPriority                     0x08003b52   Section        0  stm32f1xx_hal_cortex.o(i.__NVIC_SetPriority)
    __NVIC_SetPriority                       0x08003b53   Thumb Code    32  stm32f1xx_hal_cortex.o(i.__NVIC_SetPriority)
    i._sys_exit                              0x08003b72   Section        0  usart.o(i._sys_exit)
    i.fputc                                  0x08003b74   Section        0  usart.o(i.fputc)
    i.main                                   0x08003b8c   Section        0  main.o(i.main)
    i.myabs                                  0x08003c98   Section        0  motor.o(i.myabs)
    locale$$code                             0x08003ca0   Section       44  lc_numeric_c.o(locale$$code)
    x$fpl$d2f                                0x08003ccc   Section       98  d2f.o(x$fpl$d2f)
    x$fpl$dcheck1                            0x08003d30   Section       16  dcheck1.o(x$fpl$dcheck1)
    x$fpl$ddiv                               0x08003d40   Section      688  ddiv.o(x$fpl$ddiv)
    ddiv_entry                               0x08003d47   Thumb Code     0  ddiv.o(x$fpl$ddiv)
    x$fpl$dfltu                              0x08003ff0   Section       38  dflt_clz.o(x$fpl$dfltu)
    x$fpl$dmul                               0x08004018   Section      340  dmul.o(x$fpl$dmul)
    x$fpl$dnaninf                            0x0800416c   Section      156  dnaninf.o(x$fpl$dnaninf)
    x$fpl$dretinf                            0x08004208   Section       12  dretinf.o(x$fpl$dretinf)
    x$fpl$f2d                                0x08004214   Section       86  f2d.o(x$fpl$f2d)
    x$fpl$fdiv                               0x0800426c   Section      388  fdiv.o(x$fpl$fdiv)
    _fdiv1                                   0x0800426d   Thumb Code     0  fdiv.o(x$fpl$fdiv)
    x$fpl$fflt                               0x080043f0   Section       48  fflt_clz.o(x$fpl$fflt)
    x$fpl$fmul                               0x08004420   Section      258  fmul.o(x$fpl$fmul)
    x$fpl$fnaninf                            0x08004522   Section      140  fnaninf.o(x$fpl$fnaninf)
    x$fpl$fretinf                            0x080045ae   Section       10  fretinf.o(x$fpl$fretinf)
    x$fpl$printf1                            0x080045b8   Section        4  printf1.o(x$fpl$printf1)
    x$fpl$retnan                             0x080045bc   Section      100  retnan.o(x$fpl$retnan)
    x$fpl$scalbn                             0x08004620   Section       92  scalbn.o(x$fpl$scalbn)
    x$fpl$trapveneer                         0x0800467c   Section       48  trapv.o(x$fpl$trapveneer)
    .constdata                               0x080046ac   Section       18  stm32f1xx_hal_rcc.o(.constdata)
    x$fpl$usenofp                            0x080046ac   Section        0  usenofp.o(x$fpl$usenofp)
    aPredivFactorTable                       0x080046ac   Data           2  stm32f1xx_hal_rcc.o(.constdata)
    aPLLMULFactorTable                       0x080046ae   Data          16  stm32f1xx_hal_rcc.o(.constdata)
    .constdata                               0x080046be   Section       16  system_stm32f1xx.o(.constdata)
    .constdata                               0x080046ce   Section        8  system_stm32f1xx.o(.constdata)
    .constdata                               0x080046d8   Section      148  bigflt0.o(.constdata)
    tenpwrs_x                                0x080046d8   Data          60  bigflt0.o(.constdata)
    tenpwrs_i                                0x08004714   Data          64  bigflt0.o(.constdata)
    locale$$data                             0x0800478c   Section       28  lc_numeric_c.o(locale$$data)
    __lcnum_c_name                           0x08004790   Data           2  lc_numeric_c.o(locale$$data)
    __lcnum_c_start                          0x08004798   Data           0  lc_numeric_c.o(locale$$data)
    __lcnum_c_point                          0x080047a4   Data           0  lc_numeric_c.o(locale$$data)
    __lcnum_c_thousands                      0x080047a6   Data           0  lc_numeric_c.o(locale$$data)
    __lcnum_c_grouping                       0x080047a7   Data           0  lc_numeric_c.o(locale$$data)
    __lcnum_c_end                            0x080047a8   Data           0  lc_numeric_c.o(locale$$data)
    .data                                    0x20000000   Section        4  usart.o(.data)
    .data                                    0x20000004   Section       16  callback.o(.data)
    .data                                    0x20000014   Section        1  callback.o(.data)
    .data                                    0x20000015   Section        1  callback.o(.data)
    .data                                    0x20000016   Section        1  callback.o(.data)
    .data                                    0x20000017   Section        1  callback.o(.data)
    .data                                    0x20000018   Section       20  motor.o(.data)
    .data                                    0x2000002c   Section       12  stm32f1xx_hal.o(.data)
    .data                                    0x20000038   Section        4  system_stm32f1xx.o(.data)
    .bss                                     0x2000003c   Section       40  can.o(.bss)
    .bss                                     0x20000064   Section       84  i2c.o(.bss)
    .bss                                     0x200000b8   Section      504  tim.o(.bss)
    .bss                                     0x200002b0   Section      288  usart.o(.bss)
    .bss                                     0x200003d0   Section      511  callback.o(.bss)
    .bss                                     0x200005d0   Section       96  motor.o(.bss)
    .bss                                     0x20000630   Section       96  libspace.o(.bss)
    HEAP                                     0x20000690   Section      512  startup_stm32f103xe.o(HEAP)
    Heap_Mem                                 0x20000690   Data         512  startup_stm32f103xe.o(HEAP)
    STACK                                    0x20000890   Section     1024  startup_stm32f103xe.o(STACK)
    Stack_Mem                                0x20000890   Data        1024  startup_stm32f103xe.o(STACK)
    __initial_sp                             0x20000c90   Data           0  startup_stm32f103xe.o(STACK)

    Global Symbols

    Symbol Name                              Value     Ov Type        Size  Object(Section)

    BuildAttributes$$THM_ISAv4$P$D$K$B$S$PE$A:L22UL41UL21$X:L11$S22US41US21$IEEE1$IW$USESV6$~STKCKD$USESV7$~SHL$OTIME$ROPI$IEEEJ$EBA8$UX$STANDARDLIB$REQ8$PRES8$EABIv2 0x00000000   Number         0  anon$$obj.o ABSOLUTE
    __ARM_use_no_argv                        0x00000000   Number         0  main.o ABSOLUTE
    __ARM_exceptions_init                     - Undefined Weak Reference
    __alloca_initialize                       - Undefined Weak Reference
    __arm_fini_                               - Undefined Weak Reference
    __arm_preinit_                            - Undefined Weak Reference
    __cpp_initialize__aeabi_                  - Undefined Weak Reference
    __cxa_finalize                            - Undefined Weak Reference
    __sigvec_lookup                           - Undefined Weak Reference
    _atexit_init                              - Undefined Weak Reference
    _call_atexit_fns                          - Undefined Weak Reference
    _clock_init                               - Undefined Weak Reference
    _fp_trap_init                             - Undefined Weak Reference
    _fp_trap_shutdown                         - Undefined Weak Reference
    _get_lc_collate                           - Undefined Weak Reference
    _get_lc_ctype                             - Undefined Weak Reference
    _get_lc_monetary                          - Undefined Weak Reference
    _get_lc_time                              - Undefined Weak Reference
    _getenv_init                              - Undefined Weak Reference
    _handle_redirection                       - Undefined Weak Reference
    _init_alloc                               - Undefined Weak Reference
    _init_user_alloc                          - Undefined Weak Reference
    _initio                                   - Undefined Weak Reference
    _mutex_acquire                            - Undefined Weak Reference
    _mutex_release                            - Undefined Weak Reference
    _printf_post_padding                      - Undefined Weak Reference
    _printf_pre_padding                       - Undefined Weak Reference
    _rand_init                                - Undefined Weak Reference
    _signal_finish                            - Undefined Weak Reference
    _signal_init                              - Undefined Weak Reference
    _terminate_alloc                          - Undefined Weak Reference
    _terminate_user_alloc                     - Undefined Weak Reference
    _terminateio                              - Undefined Weak Reference
    __Vectors_Size                           0x00000130   Number         0  startup_stm32f103xe.o ABSOLUTE
    __Vectors                                0x08000000   Data           4  startup_stm32f103xe.o(RESET)
    __Vectors_End                            0x08000130   Data           0  startup_stm32f103xe.o(RESET)
    __main                                   0x08000131   Thumb Code     8  __main.o(!!!main)
    __scatterload                            0x08000139   Thumb Code     0  __scatter.o(!!!scatter)
    __scatterload_rt2                        0x08000139   Thumb Code    44  __scatter.o(!!!scatter)
    __scatterload_rt2_thumb_only             0x08000139   Thumb Code     0  __scatter.o(!!!scatter)
    __scatterload_null                       0x08000147   Thumb Code     0  __scatter.o(!!!scatter)
    __scatterload_copy                       0x0800016d   Thumb Code    26  __scatter_copy.o(!!handler_copy)
    __scatterload_zeroinit                   0x08000189   Thumb Code    28  __scatter_zi.o(!!handler_zi)
    _printf_f                                0x080001a5   Thumb Code     0  _printf_f.o(.ARM.Collect$$_printf_percent$$00000003)
    _printf_percent                          0x080001a5   Thumb Code     0  _printf_percent.o(.ARM.Collect$$_printf_percent$$00000000)
    _printf_percent_end                      0x080001ab   Thumb Code     0  _printf_percent_end.o(.ARM.Collect$$_printf_percent$$00000017)
    __rt_lib_init                            0x080001af   Thumb Code     0  libinit.o(.ARM.Collect$$libinit$$00000000)
    __rt_lib_init_fp_1                       0x080001b1   Thumb Code     0  libinit2.o(.ARM.Collect$$libinit$$00000002)
    __rt_lib_init_heap_1                     0x080001b1   Thumb Code     0  libinit2.o(.ARM.Collect$$libinit$$0000000A)
    __rt_lib_init_lc_common                  0x080001b1   Thumb Code     0  libinit2.o(.ARM.Collect$$libinit$$0000000F)
    __rt_lib_init_preinit_1                  0x080001b1   Thumb Code     0  libinit2.o(.ARM.Collect$$libinit$$00000004)
    __rt_lib_init_rand_1                     0x080001b1   Thumb Code     0  libinit2.o(.ARM.Collect$$libinit$$0000000E)
    __rt_lib_init_user_alloc_1               0x080001b1   Thumb Code     0  libinit2.o(.ARM.Collect$$libinit$$0000000C)
    __rt_lib_init_lc_collate_1               0x080001b7   Thumb Code     0  libinit2.o(.ARM.Collect$$libinit$$00000011)
    __rt_lib_init_lc_ctype_1                 0x080001b7   Thumb Code     0  libinit2.o(.ARM.Collect$$libinit$$00000013)
    __rt_lib_init_lc_monetary_1              0x080001b7   Thumb Code     0  libinit2.o(.ARM.Collect$$libinit$$00000015)
    __rt_lib_init_lc_numeric_2               0x080001b7   Thumb Code     0  libinit2.o(.ARM.Collect$$libinit$$00000016)
    __rt_lib_init_alloca_1                   0x080001c1   Thumb Code     0  libinit2.o(.ARM.Collect$$libinit$$0000002E)
    __rt_lib_init_argv_1                     0x080001c1   Thumb Code     0  libinit2.o(.ARM.Collect$$libinit$$0000002C)
    __rt_lib_init_atexit_1                   0x080001c1   Thumb Code     0  libinit2.o(.ARM.Collect$$libinit$$0000001B)
    __rt_lib_init_clock_1                    0x080001c1   Thumb Code     0  libinit2.o(.ARM.Collect$$libinit$$00000021)
    __rt_lib_init_cpp_1                      0x080001c1   Thumb Code     0  libinit2.o(.ARM.Collect$$libinit$$00000032)
    __rt_lib_init_exceptions_1               0x080001c1   Thumb Code     0  libinit2.o(.ARM.Collect$$libinit$$00000030)
    __rt_lib_init_fp_trap_1                  0x080001c1   Thumb Code     0  libinit2.o(.ARM.Collect$$libinit$$0000001F)
    __rt_lib_init_getenv_1                   0x080001c1   Thumb Code     0  libinit2.o(.ARM.Collect$$libinit$$00000023)
    __rt_lib_init_lc_numeric_1               0x080001c1   Thumb Code     0  libinit2.o(.ARM.Collect$$libinit$$00000017)
    __rt_lib_init_lc_time_1                  0x080001c1   Thumb Code     0  libinit2.o(.ARM.Collect$$libinit$$00000019)
    __rt_lib_init_return                     0x080001c1   Thumb Code     0  libinit2.o(.ARM.Collect$$libinit$$00000033)
    __rt_lib_init_signal_1                   0x080001c1   Thumb Code     0  libinit2.o(.ARM.Collect$$libinit$$0000001D)
    __rt_lib_init_stdio_1                    0x080001c1   Thumb Code     0  libinit2.o(.ARM.Collect$$libinit$$00000025)
    __rt_lib_shutdown                        0x080001c3   Thumb Code     0  libshutdown.o(.ARM.Collect$$libshutdown$$00000000)
    __rt_lib_shutdown_cpp_1                  0x080001c5   Thumb Code     0  libshutdown2.o(.ARM.Collect$$libshutdown$$00000004)
    __rt_lib_shutdown_fini_1                 0x080001c5   Thumb Code     0  libshutdown2.o(.ARM.Collect$$libshutdown$$00000002)
    __rt_lib_shutdown_fp_trap_1              0x080001c5   Thumb Code     0  libshutdown2.o(.ARM.Collect$$libshutdown$$00000009)
    __rt_lib_shutdown_heap_1                 0x080001c5   Thumb Code     0  libshutdown2.o(.ARM.Collect$$libshutdown$$00000011)
    __rt_lib_shutdown_return                 0x080001c5   Thumb Code     0  libshutdown2.o(.ARM.Collect$$libshutdown$$00000012)
    __rt_lib_shutdown_signal_1               0x080001c5   Thumb Code     0  libshutdown2.o(.ARM.Collect$$libshutdown$$0000000C)
    __rt_lib_shutdown_stdio_1                0x080001c5   Thumb Code     0  libshutdown2.o(.ARM.Collect$$libshutdown$$00000006)
    __rt_lib_shutdown_user_alloc_1           0x080001c5   Thumb Code     0  libshutdown2.o(.ARM.Collect$$libshutdown$$0000000E)
    __rt_entry                               0x080001c7   Thumb Code     0  __rtentry.o(.ARM.Collect$$rtentry$$00000000)
    __rt_entry_presh_1                       0x080001c7   Thumb Code     0  __rtentry2.o(.ARM.Collect$$rtentry$$00000002)
    __rt_entry_sh                            0x080001c7   Thumb Code     0  __rtentry4.o(.ARM.Collect$$rtentry$$00000004)
    __rt_entry_li                            0x080001cd   Thumb Code     0  __rtentry2.o(.ARM.Collect$$rtentry$$0000000A)
    __rt_entry_postsh_1                      0x080001cd   Thumb Code     0  __rtentry2.o(.ARM.Collect$$rtentry$$00000009)
    __rt_entry_main                          0x080001d1   Thumb Code     0  __rtentry2.o(.ARM.Collect$$rtentry$$0000000D)
    __rt_entry_postli_1                      0x080001d1   Thumb Code     0  __rtentry2.o(.ARM.Collect$$rtentry$$0000000C)
    __rt_exit                                0x080001d9   Thumb Code     0  rtexit.o(.ARM.Collect$$rtexit$$00000000)
    __rt_exit_ls                             0x080001db   Thumb Code     0  rtexit2.o(.ARM.Collect$$rtexit$$00000003)
    __rt_exit_prels_1                        0x080001db   Thumb Code     0  rtexit2.o(.ARM.Collect$$rtexit$$00000002)
    __rt_exit_exit                           0x080001df   Thumb Code     0  rtexit2.o(.ARM.Collect$$rtexit$$00000004)
    Reset_Handler                            0x080001e5   Thumb Code     8  startup_stm32f103xe.o(.text)
    ADC1_2_IRQHandler                        0x080001ff   Thumb Code     0  startup_stm32f103xe.o(.text)
    ADC3_IRQHandler                          0x080001ff   Thumb Code     0  startup_stm32f103xe.o(.text)
    CAN1_RX1_IRQHandler                      0x080001ff   Thumb Code     0  startup_stm32f103xe.o(.text)
    CAN1_SCE_IRQHandler                      0x080001ff   Thumb Code     0  startup_stm32f103xe.o(.text)
    DMA1_Channel1_IRQHandler                 0x080001ff   Thumb Code     0  startup_stm32f103xe.o(.text)
    DMA1_Channel2_IRQHandler                 0x080001ff   Thumb Code     0  startup_stm32f103xe.o(.text)
    DMA1_Channel3_IRQHandler                 0x080001ff   Thumb Code     0  startup_stm32f103xe.o(.text)
    DMA1_Channel4_IRQHandler                 0x080001ff   Thumb Code     0  startup_stm32f103xe.o(.text)
    DMA1_Channel5_IRQHandler                 0x080001ff   Thumb Code     0  startup_stm32f103xe.o(.text)
    DMA1_Channel6_IRQHandler                 0x080001ff   Thumb Code     0  startup_stm32f103xe.o(.text)
    DMA1_Channel7_IRQHandler                 0x080001ff   Thumb Code     0  startup_stm32f103xe.o(.text)
    DMA2_Channel1_IRQHandler                 0x080001ff   Thumb Code     0  startup_stm32f103xe.o(.text)
    DMA2_Channel2_IRQHandler                 0x080001ff   Thumb Code     0  startup_stm32f103xe.o(.text)
    DMA2_Channel3_IRQHandler                 0x080001ff   Thumb Code     0  startup_stm32f103xe.o(.text)
    DMA2_Channel4_5_IRQHandler               0x080001ff   Thumb Code     0  startup_stm32f103xe.o(.text)
    EXTI0_IRQHandler                         0x080001ff   Thumb Code     0  startup_stm32f103xe.o(.text)
    EXTI15_10_IRQHandler                     0x080001ff   Thumb Code     0  startup_stm32f103xe.o(.text)
    EXTI1_IRQHandler                         0x080001ff   Thumb Code     0  startup_stm32f103xe.o(.text)
    EXTI2_IRQHandler                         0x080001ff   Thumb Code     0  startup_stm32f103xe.o(.text)
    EXTI3_IRQHandler                         0x080001ff   Thumb Code     0  startup_stm32f103xe.o(.text)
    EXTI4_IRQHandler                         0x080001ff   Thumb Code     0  startup_stm32f103xe.o(.text)
    EXTI9_5_IRQHandler                       0x080001ff   Thumb Code     0  startup_stm32f103xe.o(.text)
    FLASH_IRQHandler                         0x080001ff   Thumb Code     0  startup_stm32f103xe.o(.text)
    FSMC_IRQHandler                          0x080001ff   Thumb Code     0  startup_stm32f103xe.o(.text)
    I2C1_ER_IRQHandler                       0x080001ff   Thumb Code     0  startup_stm32f103xe.o(.text)
    I2C1_EV_IRQHandler                       0x080001ff   Thumb Code     0  startup_stm32f103xe.o(.text)
    I2C2_ER_IRQHandler                       0x080001ff   Thumb Code     0  startup_stm32f103xe.o(.text)
    I2C2_EV_IRQHandler                       0x080001ff   Thumb Code     0  startup_stm32f103xe.o(.text)
    PVD_IRQHandler                           0x080001ff   Thumb Code     0  startup_stm32f103xe.o(.text)
    RCC_IRQHandler                           0x080001ff   Thumb Code     0  startup_stm32f103xe.o(.text)
    RTC_Alarm_IRQHandler                     0x080001ff   Thumb Code     0  startup_stm32f103xe.o(.text)
    RTC_IRQHandler                           0x080001ff   Thumb Code     0  startup_stm32f103xe.o(.text)
    SDIO_IRQHandler                          0x080001ff   Thumb Code     0  startup_stm32f103xe.o(.text)
    SPI1_IRQHandler                          0x080001ff   Thumb Code     0  startup_stm32f103xe.o(.text)
    SPI2_IRQHandler                          0x080001ff   Thumb Code     0  startup_stm32f103xe.o(.text)
    SPI3_IRQHandler                          0x080001ff   Thumb Code     0  startup_stm32f103xe.o(.text)
    TAMPER_IRQHandler                        0x080001ff   Thumb Code     0  startup_stm32f103xe.o(.text)
    TIM1_BRK_IRQHandler                      0x080001ff   Thumb Code     0  startup_stm32f103xe.o(.text)
    TIM1_CC_IRQHandler                       0x080001ff   Thumb Code     0  startup_stm32f103xe.o(.text)
    TIM1_TRG_COM_IRQHandler                  0x080001ff   Thumb Code     0  startup_stm32f103xe.o(.text)
    TIM1_UP_IRQHandler                       0x080001ff   Thumb Code     0  startup_stm32f103xe.o(.text)
    TIM3_IRQHandler                          0x080001ff   Thumb Code     0  startup_stm32f103xe.o(.text)
    TIM8_CC_IRQHandler                       0x080001ff   Thumb Code     0  startup_stm32f103xe.o(.text)
    TIM8_TRG_COM_IRQHandler                  0x080001ff   Thumb Code     0  startup_stm32f103xe.o(.text)
    TIM8_UP_IRQHandler                       0x080001ff   Thumb Code     0  startup_stm32f103xe.o(.text)
    UART4_IRQHandler                         0x080001ff   Thumb Code     0  startup_stm32f103xe.o(.text)
    UART5_IRQHandler                         0x080001ff   Thumb Code     0  startup_stm32f103xe.o(.text)
    USART3_IRQHandler                        0x080001ff   Thumb Code     0  startup_stm32f103xe.o(.text)
    USBWakeUp_IRQHandler                     0x080001ff   Thumb Code     0  startup_stm32f103xe.o(.text)
    USB_HP_CAN1_TX_IRQHandler                0x080001ff   Thumb Code     0  startup_stm32f103xe.o(.text)
    USB_LP_CAN1_RX0_IRQHandler               0x080001ff   Thumb Code     0  startup_stm32f103xe.o(.text)
    WWDG_IRQHandler                          0x080001ff   Thumb Code     0  startup_stm32f103xe.o(.text)
    __user_initial_stackheap                 0x08000201   Thumb Code     0  startup_stm32f103xe.o(.text)
    __use_no_semihosting                     0x08000225   Thumb Code     2  use_no_semi_2.o(.text)
    __2printf                                0x08000229   Thumb Code    20  noretval__2printf.o(.text)
    __printf                                 0x08000241   Thumb Code   104  __printf.o(.text)
    __aeabi_memclr4                          0x080002a9   Thumb Code     0  rt_memclr_w.o(.text)
    __aeabi_memclr8                          0x080002a9   Thumb Code     0  rt_memclr_w.o(.text)
    __rt_memclr_w                            0x080002a9   Thumb Code    78  rt_memclr_w.o(.text)
    _memset_w                                0x080002ad   Thumb Code     0  rt_memclr_w.o(.text)
    __use_two_region_memory                  0x080002f7   Thumb Code     2  heapauxi.o(.text)
    __rt_heap_escrow$2region                 0x080002f9   Thumb Code     2  heapauxi.o(.text)
    __rt_heap_expand$2region                 0x080002fb   Thumb Code     2  heapauxi.o(.text)
    __I$use$semihosting                      0x080002fd   Thumb Code     0  use_no_semi.o(.text)
    __use_no_semihosting_swi                 0x080002fd   Thumb Code     2  use_no_semi.o(.text)
    __lib_sel_fp_printf                      0x080002ff   Thumb Code     2  _printf_fp_dec.o(.text)
    _printf_fp_dec_real                      0x080004b1   Thumb Code   620  _printf_fp_dec.o(.text)
    _printf_char_file                        0x0800071d   Thumb Code    32  _printf_char_file.o(.text)
    __rt_locale                              0x08000741   Thumb Code     8  rt_locale_intlibspace.o(.text)
    _ll_udiv10                               0x08000749   Thumb Code   138  lludiv10.o(.text)
    _printf_char_common                      0x080007df   Thumb Code    32  _printf_char_common.o(.text)
    _printf_fp_infnan                        0x08000805   Thumb Code   112  _printf_fp_infnan.o(.text)
    _btod_etento                             0x08000885   Thumb Code   224  bigflt0.o(.text)
    ferror                                   0x08000969   Thumb Code     8  ferror.o(.text)
    __user_libspace                          0x08000971   Thumb Code     8  libspace.o(.text)
    __user_perproc_libspace                  0x08000971   Thumb Code     0  libspace.o(.text)
    __user_perthread_libspace                0x08000971   Thumb Code     0  libspace.o(.text)
    __user_setup_stackheap                   0x08000979   Thumb Code    74  sys_stackheap_outer.o(.text)
    exit                                     0x080009c3   Thumb Code    18  exit.o(.text)
    strcmp                                   0x080009d5   Thumb Code   128  strcmpv7m.o(.text)
    _btod_d2e                                0x08000a55   Thumb Code    62  btod.o(CL$$btod_d2e)
    _d2e_denorm_low                          0x08000a93   Thumb Code    70  btod.o(CL$$btod_d2e_denorm_low)
    _d2e_norm_op1                            0x08000ad9   Thumb Code    96  btod.o(CL$$btod_d2e_norm_op1)
    __btod_div_common                        0x08000b39   Thumb Code   696  btod.o(CL$$btod_div_common)
    _e2e                                     0x08000e71   Thumb Code   220  btod.o(CL$$btod_e2e)
    _btod_ediv                               0x08000f4d   Thumb Code    42  btod.o(CL$$btod_ediv)
    _btod_emul                               0x08000f77   Thumb Code    42  btod.o(CL$$btod_emul)
    __btod_mult_common                       0x08000fa1   Thumb Code   580  btod.o(CL$$btod_mult_common)
    BusFault_Handler                         0x080011e5   Thumb Code     2  stm32f1xx_it.o(i.BusFault_Handler)
    DebugMon_Handler                         0x080011e7   Thumb Code     2  stm32f1xx_it.o(i.DebugMon_Handler)
    Error_Handler                            0x080011e9   Thumb Code     4  main.o(i.Error_Handler)
    HAL_CAN_Init                             0x080011ed   Thumb Code   282  stm32f1xx_hal_can.o(i.HAL_CAN_Init)
    HAL_CAN_MspInit                          0x08001309   Thumb Code   114  can.o(i.HAL_CAN_MspInit)
    HAL_DMA_Abort                            0x0800138d   Thumb Code    70  stm32f1xx_hal_dma.o(i.HAL_DMA_Abort)
    HAL_DMA_Abort_IT                         0x080013d5   Thumb Code   296  stm32f1xx_hal_dma.o(i.HAL_DMA_Abort_IT)
    HAL_Delay                                0x08001505   Thumb Code    32  stm32f1xx_hal.o(i.HAL_Delay)
    HAL_GPIO_Init                            0x08001529   Thumb Code   462  stm32f1xx_hal_gpio.o(i.HAL_GPIO_Init)
    HAL_GPIO_WritePin                        0x08001721   Thumb Code    10  stm32f1xx_hal_gpio.o(i.HAL_GPIO_WritePin)
    HAL_GetTick                              0x0800172d   Thumb Code     6  stm32f1xx_hal.o(i.HAL_GetTick)
    HAL_I2C_Init                             0x08001739   Thumb Code   376  stm32f1xx_hal_i2c.o(i.HAL_I2C_Init)
    HAL_I2C_MspInit                          0x080018c1   Thumb Code    82  i2c.o(i.HAL_I2C_MspInit)
    HAL_IncTick                              0x08001921   Thumb Code    12  stm32f1xx_hal.o(i.HAL_IncTick)
    HAL_Init                                 0x08001931   Thumb Code    32  stm32f1xx_hal.o(i.HAL_Init)
    HAL_InitTick                             0x08001955   Thumb Code    54  stm32f1xx_hal.o(i.HAL_InitTick)
    HAL_MspInit                              0x08001995   Thumb Code    52  stm32f1xx_hal_msp.o(i.HAL_MspInit)
    HAL_NVIC_EnableIRQ                       0x080019d1   Thumb Code    26  stm32f1xx_hal_cortex.o(i.HAL_NVIC_EnableIRQ)
    HAL_NVIC_SetPriority                     0x080019ed   Thumb Code    60  stm32f1xx_hal_cortex.o(i.HAL_NVIC_SetPriority)
    HAL_NVIC_SetPriorityGrouping             0x08001a2d   Thumb Code    26  stm32f1xx_hal_cortex.o(i.HAL_NVIC_SetPriorityGrouping)
    HAL_RCC_ClockConfig                      0x08001a51   Thumb Code   280  stm32f1xx_hal_rcc.o(i.HAL_RCC_ClockConfig)
    HAL_RCC_GetPCLK1Freq                     0x08001b7d   Thumb Code    20  stm32f1xx_hal_rcc.o(i.HAL_RCC_GetPCLK1Freq)
    HAL_RCC_GetPCLK2Freq                     0x08001b9d   Thumb Code    20  stm32f1xx_hal_rcc.o(i.HAL_RCC_GetPCLK2Freq)
    HAL_RCC_GetSysClockFreq                  0x08001bbd   Thumb Code    58  stm32f1xx_hal_rcc.o(i.HAL_RCC_GetSysClockFreq)
    HAL_RCC_OscConfig                        0x08001c09   Thumb Code   778  stm32f1xx_hal_rcc.o(i.HAL_RCC_OscConfig)
    HAL_SYSTICK_Config                       0x08001f29   Thumb Code    40  stm32f1xx_hal_cortex.o(i.HAL_SYSTICK_Config)
    HAL_TIMEx_BreakCallback                  0x08001f51   Thumb Code     2  stm32f1xx_hal_tim_ex.o(i.HAL_TIMEx_BreakCallback)
    HAL_TIMEx_CommutCallback                 0x08001f53   Thumb Code     2  stm32f1xx_hal_tim_ex.o(i.HAL_TIMEx_CommutCallback)
    HAL_TIMEx_MasterConfigSynchronization    0x08001f55   Thumb Code   104  stm32f1xx_hal_tim_ex.o(i.HAL_TIMEx_MasterConfigSynchronization)
    HAL_TIM_Base_Init                        0x08001fd1   Thumb Code    90  stm32f1xx_hal_tim.o(i.HAL_TIM_Base_Init)
    HAL_TIM_Base_MspInit                     0x0800202d   Thumb Code    86  tim.o(i.HAL_TIM_Base_MspInit)
    HAL_TIM_Base_Start_IT                    0x08002091   Thumb Code    88  stm32f1xx_hal_tim.o(i.HAL_TIM_Base_Start_IT)
    HAL_TIM_Encoder_Init                     0x080020fd   Thumb Code   164  stm32f1xx_hal_tim.o(i.HAL_TIM_Encoder_Init)
    HAL_TIM_Encoder_MspInit                  0x080021a1   Thumb Code   346  tim.o(i.HAL_TIM_Encoder_MspInit)
    HAL_TIM_Encoder_Start                    0x0800231d   Thumb Code   142  stm32f1xx_hal_tim.o(i.HAL_TIM_Encoder_Start)
    HAL_TIM_IC_CaptureCallback               0x080023ab   Thumb Code     2  stm32f1xx_hal_tim.o(i.HAL_TIM_IC_CaptureCallback)
    HAL_TIM_IRQHandler                       0x080023ad   Thumb Code   304  stm32f1xx_hal_tim.o(i.HAL_TIM_IRQHandler)
    HAL_TIM_MspPostInit                      0x080024dd   Thumb Code    80  tim.o(i.HAL_TIM_MspPostInit)
    HAL_TIM_OC_DelayElapsedCallback          0x0800253d   Thumb Code     2  stm32f1xx_hal_tim.o(i.HAL_TIM_OC_DelayElapsedCallback)
    HAL_TIM_PWM_ConfigChannel                0x0800253f   Thumb Code   204  stm32f1xx_hal_tim.o(i.HAL_TIM_PWM_ConfigChannel)
    HAL_TIM_PWM_Init                         0x0800260b   Thumb Code    90  stm32f1xx_hal_tim.o(i.HAL_TIM_PWM_Init)
    HAL_TIM_PWM_MspInit                      0x08002665   Thumb Code    30  tim.o(i.HAL_TIM_PWM_MspInit)
    HAL_TIM_PWM_PulseFinishedCallback        0x0800268d   Thumb Code     2  stm32f1xx_hal_tim.o(i.HAL_TIM_PWM_PulseFinishedCallback)
    HAL_TIM_PWM_Start                        0x08002691   Thumb Code   160  stm32f1xx_hal_tim.o(i.HAL_TIM_PWM_Start)
    HAL_TIM_PeriodElapsedCallback            0x08002745   Thumb Code   382  motor.o(i.HAL_TIM_PeriodElapsedCallback)
    HAL_TIM_TriggerCallback                  0x080028fd   Thumb Code     2  stm32f1xx_hal_tim.o(i.HAL_TIM_TriggerCallback)
    HAL_UARTEx_RxEventCallback               0x080028ff   Thumb Code     2  stm32f1xx_hal_uart.o(i.HAL_UARTEx_RxEventCallback)
    HAL_UART_ErrorCallback                   0x08002901   Thumb Code     2  stm32f1xx_hal_uart.o(i.HAL_UART_ErrorCallback)
    HAL_UART_IRQHandler                      0x08002905   Thumb Code   616  stm32f1xx_hal_uart.o(i.HAL_UART_IRQHandler)
    HAL_UART_Init                            0x08002b71   Thumb Code   100  stm32f1xx_hal_uart.o(i.HAL_UART_Init)
    HAL_UART_MspInit                         0x08002bd5   Thumb Code   384  usart.o(i.HAL_UART_MspInit)
    HAL_UART_Receive_IT                      0x08002d79   Thumb Code    28  stm32f1xx_hal_uart.o(i.HAL_UART_Receive_IT)
    HAL_UART_RxCpltCallback                  0x08002d95   Thumb Code   200  callback.o(i.HAL_UART_RxCpltCallback)
    HAL_UART_Transmit_IT                     0x08002e89   Thumb Code    50  stm32f1xx_hal_uart.o(i.HAL_UART_Transmit_IT)
    HAL_UART_TxCpltCallback                  0x08002ebb   Thumb Code     2  stm32f1xx_hal_uart.o(i.HAL_UART_TxCpltCallback)
    HardFault_Handler                        0x08002ebd   Thumb Code     2  stm32f1xx_it.o(i.HardFault_Handler)
    MX_CAN_Init                              0x08002ec1   Thumb Code    52  can.o(i.MX_CAN_Init)
    MX_GPIO_Init                             0x08002efd   Thumb Code   184  gpio.o(i.MX_GPIO_Init)
    MX_I2C2_Init                             0x08002fc5   Thumb Code    50  i2c.o(i.MX_I2C2_Init)
    MX_TIM2_Init                             0x08003005   Thumb Code   102  tim.o(i.MX_TIM2_Init)
    MX_TIM3_Init                             0x08003071   Thumb Code   152  tim.o(i.MX_TIM3_Init)
    MX_TIM4_Init                             0x08003111   Thumb Code   100  tim.o(i.MX_TIM4_Init)
    MX_TIM5_Init                             0x0800317d   Thumb Code   100  tim.o(i.MX_TIM5_Init)
    MX_TIM6_Init                             0x080031e9   Thumb Code    60  tim.o(i.MX_TIM6_Init)
    MX_TIM7_Init                             0x0800322d   Thumb Code    62  tim.o(i.MX_TIM7_Init)
    MX_TIM8_Init                             0x08003275   Thumb Code   102  tim.o(i.MX_TIM8_Init)
    MX_UART5_Init                            0x080032e5   Thumb Code    48  usart.o(i.MX_UART5_Init)
    MX_USART1_UART_Init                      0x0800331d   Thumb Code    48  usart.o(i.MX_USART1_UART_Init)
    MX_USART2_UART_Init                      0x08003355   Thumb Code    48  usart.o(i.MX_USART2_UART_Init)
    MX_USART3_UART_Init                      0x0800338d   Thumb Code    48  usart.o(i.MX_USART3_UART_Init)
    MemManage_Handler                        0x080033c5   Thumb Code     2  stm32f1xx_it.o(i.MemManage_Handler)
    MotorControll                            0x080033c9   Thumb Code   344  motor.o(i.MotorControll)
    Motor_Init                               0x08003529   Thumb Code   204  motor.o(i.Motor_Init)
    NMI_Handler                              0x08003611   Thumb Code     2  stm32f1xx_it.o(i.NMI_Handler)
    PendSV_Handler                           0x08003613   Thumb Code     2  stm32f1xx_it.o(i.PendSV_Handler)
    SVC_Handler                              0x08003615   Thumb Code     2  stm32f1xx_it.o(i.SVC_Handler)
    SysTick_Handler                          0x08003617   Thumb Code     4  stm32f1xx_it.o(i.SysTick_Handler)
    SystemClock_Config                       0x0800361b   Thumb Code    94  main.o(i.SystemClock_Config)
    SystemInit                               0x08003679   Thumb Code     2  system_stm32f1xx.o(i.SystemInit)
    TIM2_IRQHandler                          0x0800367d   Thumb Code     6  stm32f1xx_it.o(i.TIM2_IRQHandler)
    TIM4_IRQHandler                          0x08003689   Thumb Code     6  stm32f1xx_it.o(i.TIM4_IRQHandler)
    TIM5_IRQHandler                          0x08003695   Thumb Code     6  stm32f1xx_it.o(i.TIM5_IRQHandler)
    TIM6_IRQHandler                          0x080036a1   Thumb Code     6  stm32f1xx_it.o(i.TIM6_IRQHandler)
    TIM7_IRQHandler                          0x080036ad   Thumb Code     6  stm32f1xx_it.o(i.TIM7_IRQHandler)
    TIM8_BRK_IRQHandler                      0x080036b9   Thumb Code     6  stm32f1xx_it.o(i.TIM8_BRK_IRQHandler)
    TIM_Base_SetConfig                       0x080036c5   Thumb Code   134  stm32f1xx_hal_tim.o(i.TIM_Base_SetConfig)
    TIM_CCxChannelCmd                        0x08003761   Thumb Code    26  stm32f1xx_hal_tim.o(i.TIM_CCxChannelCmd)
    TIM_OC2_SetConfig                        0x080037dd   Thumb Code    98  stm32f1xx_hal_tim.o(i.TIM_OC2_SetConfig)
    UART_Start_Receive_IT                    0x08003ad9   Thumb Code    54  stm32f1xx_hal_uart.o(i.UART_Start_Receive_IT)
    USART1_IRQHandler                        0x08003b11   Thumb Code     6  stm32f1xx_it.o(i.USART1_IRQHandler)
    USART2_IRQHandler                        0x08003b1d   Thumb Code     6  stm32f1xx_it.o(i.USART2_IRQHandler)
    UsageFault_Handler                       0x08003b29   Thumb Code     2  stm32f1xx_it.o(i.UsageFault_Handler)
    __ARM_fpclassify                         0x08003b2b   Thumb Code    40  fpclassify.o(i.__ARM_fpclassify)
    _sys_exit                                0x08003b73   Thumb Code     2  usart.o(i._sys_exit)
    fputc                                    0x08003b75   Thumb Code    18  usart.o(i.fputc)
    main                                     0x08003b8d   Thumb Code   202  main.o(i.main)
    myabs                                    0x08003c99   Thumb Code     8  motor.o(i.myabs)
    _get_lc_numeric                          0x08003ca1   Thumb Code    44  lc_numeric_c.o(locale$$code)
    __aeabi_d2f                              0x08003ccd   Thumb Code     0  d2f.o(x$fpl$d2f)
    _d2f                                     0x08003ccd   Thumb Code    98  d2f.o(x$fpl$d2f)
    __fpl_dcheck_NaN1                        0x08003d31   Thumb Code    10  dcheck1.o(x$fpl$dcheck1)
    __aeabi_ddiv                             0x08003d41   Thumb Code     0  ddiv.o(x$fpl$ddiv)
    _ddiv                                    0x08003d41   Thumb Code   552  ddiv.o(x$fpl$ddiv)
    __aeabi_ui2d                             0x08003ff1   Thumb Code     0  dflt_clz.o(x$fpl$dfltu)
    _dfltu                                   0x08003ff1   Thumb Code    38  dflt_clz.o(x$fpl$dfltu)
    __aeabi_dmul                             0x08004019   Thumb Code     0  dmul.o(x$fpl$dmul)
    _dmul                                    0x08004019   Thumb Code   332  dmul.o(x$fpl$dmul)
    __fpl_dnaninf                            0x0800416d   Thumb Code   156  dnaninf.o(x$fpl$dnaninf)
    __fpl_dretinf                            0x08004209   Thumb Code    12  dretinf.o(x$fpl$dretinf)
    __aeabi_f2d                              0x08004215   Thumb Code     0  f2d.o(x$fpl$f2d)
    _f2d                                     0x08004215   Thumb Code    86  f2d.o(x$fpl$f2d)
    __aeabi_fdiv                             0x0800426d   Thumb Code     0  fdiv.o(x$fpl$fdiv)
    _fdiv                                    0x0800426d   Thumb Code   384  fdiv.o(x$fpl$fdiv)
    __aeabi_i2f                              0x080043f1   Thumb Code     0  fflt_clz.o(x$fpl$fflt)
    _fflt                                    0x080043f1   Thumb Code    48  fflt_clz.o(x$fpl$fflt)
    __aeabi_fmul                             0x08004421   Thumb Code     0  fmul.o(x$fpl$fmul)
    _fmul                                    0x08004421   Thumb Code   258  fmul.o(x$fpl$fmul)
    __fpl_fnaninf                            0x08004523   Thumb Code   140  fnaninf.o(x$fpl$fnaninf)
    __fpl_fretinf                            0x080045af   Thumb Code    10  fretinf.o(x$fpl$fretinf)
    _printf_fp_dec                           0x080045b9   Thumb Code     4  printf1.o(x$fpl$printf1)
    __fpl_return_NaN                         0x080045bd   Thumb Code   100  retnan.o(x$fpl$retnan)
    __ARM_scalbn                             0x08004621   Thumb Code    92  scalbn.o(x$fpl$scalbn)
    __fpl_cmpreturn                          0x0800467d   Thumb Code    48  trapv.o(x$fpl$trapveneer)
    __I$use$fp                               0x080046ac   Number         0  usenofp.o(x$fpl$usenofp)
    AHBPrescTable                            0x080046be   Data          16  system_stm32f1xx.o(.constdata)
    APBPrescTable                            0x080046ce   Data           8  system_stm32f1xx.o(.constdata)
    Region$$Table$$Base                      0x0800476c   Number         0  anon$$obj.o(Region$$Table)
    Region$$Table$$Limit                     0x0800478c   Number         0  anon$$obj.o(Region$$Table)
    __stdout                                 0x20000000   Data           4  usart.o(.data)
    USART2Byte                               0x20000004   Data           1  callback.o(.data)
    Data                                     0x20000005   Data           1  callback.o(.data)
    USART2_RX_STA                            0x20000006   Data           2  callback.o(.data)
    USART3_RX_STA                            0x20000008   Data           2  callback.o(.data)
    USART5_RX_STA                            0x2000000a   Data           2  callback.o(.data)
    Cnt                                      0x2000000c   Data           4  callback.o(.data)
    yaw_angle                                0x20000010   Data           4  callback.o(.data)
    TIME7_STA                                0x20000014   Data           1  callback.o(.data)
    TIME6_STA                                0x20000015   Data           1  callback.o(.data)
    USART3Byte                               0x20000016   Data           1  callback.o(.data)
    USART5Byte                               0x20000017   Data           1  callback.o(.data)
    TimerCount                               0x20000018   Data           4  motor.o(.data)
    Speed1                                   0x2000001c   Data           4  motor.o(.data)
    Speed2                                   0x20000020   Data           4  motor.o(.data)
    Speed3                                   0x20000024   Data           4  motor.o(.data)
    Speed4                                   0x20000028   Data           4  motor.o(.data)
    uwTickFreq                               0x2000002c   Data           1  stm32f1xx_hal.o(.data)
    uwTickPrio                               0x20000030   Data           4  stm32f1xx_hal.o(.data)
    uwTick                                   0x20000034   Data           4  stm32f1xx_hal.o(.data)
    SystemCoreClock                          0x20000038   Data           4  system_stm32f1xx.o(.data)
    hcan                                     0x2000003c   Data          40  can.o(.bss)
    hi2c2                                    0x20000064   Data          84  i2c.o(.bss)
    htim2                                    0x200000b8   Data          72  tim.o(.bss)
    htim3                                    0x20000100   Data          72  tim.o(.bss)
    htim4                                    0x20000148   Data          72  tim.o(.bss)
    htim5                                    0x20000190   Data          72  tim.o(.bss)
    htim6                                    0x200001d8   Data          72  tim.o(.bss)
    htim7                                    0x20000220   Data          72  tim.o(.bss)
    htim8                                    0x20000268   Data          72  tim.o(.bss)
    huart5                                   0x200002b0   Data          72  usart.o(.bss)
    huart1                                   0x200002f8   Data          72  usart.o(.bss)
    huart2                                   0x20000340   Data          72  usart.o(.bss)
    huart3                                   0x20000388   Data          72  usart.o(.bss)
    USART2_RX_BUF                            0x200003d0   Data         256  callback.o(.bss)
    Buff                                     0x200004d0   Data         255  callback.o(.bss)
    motor1                                   0x200005d0   Data          24  motor.o(.bss)
    motor2                                   0x200005e8   Data          24  motor.o(.bss)
    motor3                                   0x20000600   Data          24  motor.o(.bss)
    motor4                                   0x20000618   Data          24  motor.o(.bss)
    __libspace_start                         0x20000630   Data          96  libspace.o(.bss)
    __temporary_stack_top$libspace           0x20000690   Data           0  libspace.o(.bss)



==============================================================================

Memory Map of the image

  Image Entry point : 0x08000131

  Load Region LR_IROM1 (Base: 0x08000000, Size: 0x000047e4, Max: 0x00040000, ABSOLUTE)

    Execution Region ER_IROM1 (Exec base: 0x08000000, Load base: 0x08000000, Size: 0x000047a8, Max: 0x00040000, ABSOLUTE)

    Exec Addr    Load Addr    Size         Type   Attr      Idx    E Section Name        Object

    0x08000000   0x08000000   0x00000130   Data   RO            3    RESET               startup_stm32f103xe.o
    0x08000130   0x08000130   0x00000008   Code   RO         3810  * !!!main             c_w.l(__main.o)
    0x08000138   0x08000138   0x00000034   Code   RO         4070    !!!scatter          c_w.l(__scatter.o)
    0x0800016c   0x0800016c   0x0000001a   Code   RO         4072    !!handler_copy      c_w.l(__scatter_copy.o)
    0x08000186   0x08000186   0x00000002   PAD
    0x08000188   0x08000188   0x0000001c   Code   RO         4074    !!handler_zi        c_w.l(__scatter_zi.o)
    0x080001a4   0x080001a4   0x00000000   Code   RO         3805    .ARM.Collect$$_printf_percent$$00000000  c_w.l(_printf_percent.o)
    0x080001a4   0x080001a4   0x00000006   Code   RO         3804    .ARM.Collect$$_printf_percent$$00000003  c_w.l(_printf_f.o)
    0x080001aa   0x080001aa   0x00000004   Code   RO         3851    .ARM.Collect$$_printf_percent$$00000017  c_w.l(_printf_percent_end.o)
    0x080001ae   0x080001ae   0x00000002   Code   RO         3943    .ARM.Collect$$libinit$$00000000  c_w.l(libinit.o)
    0x080001b0   0x080001b0   0x00000000   Code   RO         3945    .ARM.Collect$$libinit$$00000002  c_w.l(libinit2.o)
    0x080001b0   0x080001b0   0x00000000   Code   RO         3947    .ARM.Collect$$libinit$$00000004  c_w.l(libinit2.o)
    0x080001b0   0x080001b0   0x00000000   Code   RO         3950    .ARM.Collect$$libinit$$0000000A  c_w.l(libinit2.o)
    0x080001b0   0x080001b0   0x00000000   Code   RO         3952    .ARM.Collect$$libinit$$0000000C  c_w.l(libinit2.o)
    0x080001b0   0x080001b0   0x00000000   Code   RO         3954    .ARM.Collect$$libinit$$0000000E  c_w.l(libinit2.o)
    0x080001b0   0x080001b0   0x00000006   Code   RO         3955    .ARM.Collect$$libinit$$0000000F  c_w.l(libinit2.o)
    0x080001b6   0x080001b6   0x00000000   Code   RO         3957    .ARM.Collect$$libinit$$00000011  c_w.l(libinit2.o)
    0x080001b6   0x080001b6   0x00000000   Code   RO         3959    .ARM.Collect$$libinit$$00000013  c_w.l(libinit2.o)
    0x080001b6   0x080001b6   0x00000000   Code   RO         3961    .ARM.Collect$$libinit$$00000015  c_w.l(libinit2.o)
    0x080001b6   0x080001b6   0x0000000a   Code   RO         3962    .ARM.Collect$$libinit$$00000016  c_w.l(libinit2.o)
    0x080001c0   0x080001c0   0x00000000   Code   RO         3963    .ARM.Collect$$libinit$$00000017  c_w.l(libinit2.o)
    0x080001c0   0x080001c0   0x00000000   Code   RO         3965    .ARM.Collect$$libinit$$00000019  c_w.l(libinit2.o)
    0x080001c0   0x080001c0   0x00000000   Code   RO         3967    .ARM.Collect$$libinit$$0000001B  c_w.l(libinit2.o)
    0x080001c0   0x080001c0   0x00000000   Code   RO         3969    .ARM.Collect$$libinit$$0000001D  c_w.l(libinit2.o)
    0x080001c0   0x080001c0   0x00000000   Code   RO         3971    .ARM.Collect$$libinit$$0000001F  c_w.l(libinit2.o)
    0x080001c0   0x080001c0   0x00000000   Code   RO         3973    .ARM.Collect$$libinit$$00000021  c_w.l(libinit2.o)
    0x080001c0   0x080001c0   0x00000000   Code   RO         3975    .ARM.Collect$$libinit$$00000023  c_w.l(libinit2.o)
    0x080001c0   0x080001c0   0x00000000   Code   RO         3977    .ARM.Collect$$libinit$$00000025  c_w.l(libinit2.o)
    0x080001c0   0x080001c0   0x00000000   Code   RO         3981    .ARM.Collect$$libinit$$0000002C  c_w.l(libinit2.o)
    0x080001c0   0x080001c0   0x00000000   Code   RO         3983    .ARM.Collect$$libinit$$0000002E  c_w.l(libinit2.o)
    0x080001c0   0x080001c0   0x00000000   Code   RO         3985    .ARM.Collect$$libinit$$00000030  c_w.l(libinit2.o)
    0x080001c0   0x080001c0   0x00000000   Code   RO         3987    .ARM.Collect$$libinit$$00000032  c_w.l(libinit2.o)
    0x080001c0   0x080001c0   0x00000002   Code   RO         3988    .ARM.Collect$$libinit$$00000033  c_w.l(libinit2.o)
    0x080001c2   0x080001c2   0x00000002   Code   RO         4018    .ARM.Collect$$libshutdown$$00000000  c_w.l(libshutdown.o)
    0x080001c4   0x080001c4   0x00000000   Code   RO         4027    .ARM.Collect$$libshutdown$$00000002  c_w.l(libshutdown2.o)
    0x080001c4   0x080001c4   0x00000000   Code   RO         4029    .ARM.Collect$$libshutdown$$00000004  c_w.l(libshutdown2.o)
    0x080001c4   0x080001c4   0x00000000   Code   RO         4031    .ARM.Collect$$libshutdown$$00000006  c_w.l(libshutdown2.o)
    0x080001c4   0x080001c4   0x00000000   Code   RO         4034    .ARM.Collect$$libshutdown$$00000009  c_w.l(libshutdown2.o)
    0x080001c4   0x080001c4   0x00000000   Code   RO         4037    .ARM.Collect$$libshutdown$$0000000C  c_w.l(libshutdown2.o)
    0x080001c4   0x080001c4   0x00000000   Code   RO         4039    .ARM.Collect$$libshutdown$$0000000E  c_w.l(libshutdown2.o)
    0x080001c4   0x080001c4   0x00000000   Code   RO         4042    .ARM.Collect$$libshutdown$$00000011  c_w.l(libshutdown2.o)
    0x080001c4   0x080001c4   0x00000002   Code   RO         4043    .ARM.Collect$$libshutdown$$00000012  c_w.l(libshutdown2.o)
    0x080001c6   0x080001c6   0x00000000   Code   RO         3846    .ARM.Collect$$rtentry$$00000000  c_w.l(__rtentry.o)
    0x080001c6   0x080001c6   0x00000000   Code   RO         3864    .ARM.Collect$$rtentry$$00000002  c_w.l(__rtentry2.o)
    0x080001c6   0x080001c6   0x00000006   Code   RO         3876    .ARM.Collect$$rtentry$$00000004  c_w.l(__rtentry4.o)
    0x080001cc   0x080001cc   0x00000000   Code   RO         3866    .ARM.Collect$$rtentry$$00000009  c_w.l(__rtentry2.o)
    0x080001cc   0x080001cc   0x00000004   Code   RO         3867    .ARM.Collect$$rtentry$$0000000A  c_w.l(__rtentry2.o)
    0x080001d0   0x080001d0   0x00000000   Code   RO         3869    .ARM.Collect$$rtentry$$0000000C  c_w.l(__rtentry2.o)
    0x080001d0   0x080001d0   0x00000008   Code   RO         3870    .ARM.Collect$$rtentry$$0000000D  c_w.l(__rtentry2.o)
    0x080001d8   0x080001d8   0x00000002   Code   RO         3991    .ARM.Collect$$rtexit$$00000000  c_w.l(rtexit.o)
    0x080001da   0x080001da   0x00000000   Code   RO         3998    .ARM.Collect$$rtexit$$00000002  c_w.l(rtexit2.o)
    0x080001da   0x080001da   0x00000004   Code   RO         3999    .ARM.Collect$$rtexit$$00000003  c_w.l(rtexit2.o)
    0x080001de   0x080001de   0x00000006   Code   RO         4000    .ARM.Collect$$rtexit$$00000004  c_w.l(rtexit2.o)
    0x080001e4   0x080001e4   0x00000040   Code   RO            4    .text               startup_stm32f103xe.o
    0x08000224   0x08000224   0x00000002   Code   RO         3774    .text               c_w.l(use_no_semi_2.o)
    0x08000226   0x08000226   0x00000002   PAD
    0x08000228   0x08000228   0x00000018   Code   RO         3780    .text               c_w.l(noretval__2printf.o)
    0x08000240   0x08000240   0x00000068   Code   RO         3782    .text               c_w.l(__printf.o)
    0x080002a8   0x080002a8   0x0000004e   Code   RO         3806    .text               c_w.l(rt_memclr_w.o)
    0x080002f6   0x080002f6   0x00000006   Code   RO         3808    .text               c_w.l(heapauxi.o)
    0x080002fc   0x080002fc   0x00000002   Code   RO         3844    .text               c_w.l(use_no_semi.o)
    0x080002fe   0x080002fe   0x0000041e   Code   RO         3847    .text               c_w.l(_printf_fp_dec.o)
    0x0800071c   0x0800071c   0x00000024   Code   RO         3849    .text               c_w.l(_printf_char_file.o)
    0x08000740   0x08000740   0x00000008   Code   RO         3881    .text               c_w.l(rt_locale_intlibspace.o)
    0x08000748   0x08000748   0x0000008a   Code   RO         3883    .text               c_w.l(lludiv10.o)
    0x080007d2   0x080007d2   0x00000002   PAD
    0x080007d4   0x080007d4   0x00000030   Code   RO         3885    .text               c_w.l(_printf_char_common.o)
    0x08000804   0x08000804   0x00000080   Code   RO         3887    .text               c_w.l(_printf_fp_infnan.o)
    0x08000884   0x08000884   0x000000e4   Code   RO         3889    .text               c_w.l(bigflt0.o)
    0x08000968   0x08000968   0x00000008   Code   RO         3914    .text               c_w.l(ferror.o)
    0x08000970   0x08000970   0x00000008   Code   RO         3927    .text               c_w.l(libspace.o)
    0x08000978   0x08000978   0x0000004a   Code   RO         3930    .text               c_w.l(sys_stackheap_outer.o)
    0x080009c2   0x080009c2   0x00000012   Code   RO         3934    .text               c_w.l(exit.o)
    0x080009d4   0x080009d4   0x00000080   Code   RO         3936    .text               c_w.l(strcmpv7m.o)
    0x08000a54   0x08000a54   0x0000003e   Code   RO         3892    CL$$btod_d2e        c_w.l(btod.o)
    0x08000a92   0x08000a92   0x00000046   Code   RO         3894    CL$$btod_d2e_denorm_low  c_w.l(btod.o)
    0x08000ad8   0x08000ad8   0x00000060   Code   RO         3893    CL$$btod_d2e_norm_op1  c_w.l(btod.o)
    0x08000b38   0x08000b38   0x00000338   Code   RO         3902    CL$$btod_div_common  c_w.l(btod.o)
    0x08000e70   0x08000e70   0x000000dc   Code   RO         3899    CL$$btod_e2e        c_w.l(btod.o)
    0x08000f4c   0x08000f4c   0x0000002a   Code   RO         3896    CL$$btod_ediv       c_w.l(btod.o)
    0x08000f76   0x08000f76   0x0000002a   Code   RO         3895    CL$$btod_emul       c_w.l(btod.o)
    0x08000fa0   0x08000fa0   0x00000244   Code   RO         3901    CL$$btod_mult_common  c_w.l(btod.o)
    0x080011e4   0x080011e4   0x00000002   Code   RO          463    i.BusFault_Handler  stm32f1xx_it.o
    0x080011e6   0x080011e6   0x00000002   Code   RO          464    i.DebugMon_Handler  stm32f1xx_it.o
    0x080011e8   0x080011e8   0x00000004   Code   RO           13    i.Error_Handler     main.o
    0x080011ec   0x080011ec   0x0000011a   Code   RO          767    i.HAL_CAN_Init      stm32f1xx_hal_can.o
    0x08001306   0x08001306   0x00000002   PAD
    0x08001308   0x08001308   0x00000084   Code   RO          195    i.HAL_CAN_MspInit   can.o
    0x0800138c   0x0800138c   0x00000046   Code   RO         1368    i.HAL_DMA_Abort     stm32f1xx_hal_dma.o
    0x080013d2   0x080013d2   0x00000002   PAD
    0x080013d4   0x080013d4   0x00000130   Code   RO         1369    i.HAL_DMA_Abort_IT  stm32f1xx_hal_dma.o
    0x08001504   0x08001504   0x00000024   Code   RO          994    i.HAL_Delay         stm32f1xx_hal.o
    0x08001528   0x08001528   0x000001f8   Code   RO         1304    i.HAL_GPIO_Init     stm32f1xx_hal_gpio.o
    0x08001720   0x08001720   0x0000000a   Code   RO         1308    i.HAL_GPIO_WritePin  stm32f1xx_hal_gpio.o
    0x0800172a   0x0800172a   0x00000002   PAD
    0x0800172c   0x0800172c   0x0000000c   Code   RO          998    i.HAL_GetTick       stm32f1xx_hal.o
    0x08001738   0x08001738   0x00000188   Code   RO         1975    i.HAL_I2C_Init      stm32f1xx_hal_i2c.o
    0x080018c0   0x080018c0   0x00000060   Code   RO          237    i.HAL_I2C_MspInit   i2c.o
    0x08001920   0x08001920   0x00000010   Code   RO         1004    i.HAL_IncTick       stm32f1xx_hal.o
    0x08001930   0x08001930   0x00000024   Code   RO         1005    i.HAL_Init          stm32f1xx_hal.o
    0x08001954   0x08001954   0x00000040   Code   RO         1006    i.HAL_InitTick      stm32f1xx_hal.o
    0x08001994   0x08001994   0x0000003c   Code   RO          587    i.HAL_MspInit       stm32f1xx_hal_msp.o
    0x080019d0   0x080019d0   0x0000001a   Code   RO         1464    i.HAL_NVIC_EnableIRQ  stm32f1xx_hal_cortex.o
    0x080019ea   0x080019ea   0x00000002   PAD
    0x080019ec   0x080019ec   0x00000040   Code   RO         1470    i.HAL_NVIC_SetPriority  stm32f1xx_hal_cortex.o
    0x08001a2c   0x08001a2c   0x00000024   Code   RO         1471    i.HAL_NVIC_SetPriorityGrouping  stm32f1xx_hal_cortex.o
    0x08001a50   0x08001a50   0x0000012c   Code   RO         1162    i.HAL_RCC_ClockConfig  stm32f1xx_hal_rcc.o
    0x08001b7c   0x08001b7c   0x00000020   Code   RO         1169    i.HAL_RCC_GetPCLK1Freq  stm32f1xx_hal_rcc.o
    0x08001b9c   0x08001b9c   0x00000020   Code   RO         1170    i.HAL_RCC_GetPCLK2Freq  stm32f1xx_hal_rcc.o
    0x08001bbc   0x08001bbc   0x0000004c   Code   RO         1171    i.HAL_RCC_GetSysClockFreq  stm32f1xx_hal_rcc.o
    0x08001c08   0x08001c08   0x00000320   Code   RO         1174    i.HAL_RCC_OscConfig  stm32f1xx_hal_rcc.o
    0x08001f28   0x08001f28   0x00000028   Code   RO         1475    i.HAL_SYSTICK_Config  stm32f1xx_hal_cortex.o
    0x08001f50   0x08001f50   0x00000002   Code   RO         3107    i.HAL_TIMEx_BreakCallback  stm32f1xx_hal_tim_ex.o
    0x08001f52   0x08001f52   0x00000002   Code   RO         3108    i.HAL_TIMEx_CommutCallback  stm32f1xx_hal_tim_ex.o
    0x08001f54   0x08001f54   0x0000007c   Code   RO         3126    i.HAL_TIMEx_MasterConfigSynchronization  stm32f1xx_hal_tim_ex.o
    0x08001fd0   0x08001fd0   0x0000005a   Code   RO         2403    i.HAL_TIM_Base_Init  stm32f1xx_hal_tim.o
    0x0800202a   0x0800202a   0x00000002   PAD
    0x0800202c   0x0800202c   0x00000064   Code   RO          279    i.HAL_TIM_Base_MspInit  tim.o
    0x08002090   0x08002090   0x0000006c   Code   RO         2408    i.HAL_TIM_Base_Start_IT  stm32f1xx_hal_tim.o
    0x080020fc   0x080020fc   0x000000a4   Code   RO         2424    i.HAL_TIM_Encoder_Init  stm32f1xx_hal_tim.o
    0x080021a0   0x080021a0   0x0000017c   Code   RO          281    i.HAL_TIM_Encoder_MspInit  tim.o
    0x0800231c   0x0800231c   0x0000008e   Code   RO         2427    i.HAL_TIM_Encoder_Start  stm32f1xx_hal_tim.o
    0x080023aa   0x080023aa   0x00000002   Code   RO         2437    i.HAL_TIM_IC_CaptureCallback  stm32f1xx_hal_tim.o
    0x080023ac   0x080023ac   0x00000130   Code   RO         2451    i.HAL_TIM_IRQHandler  stm32f1xx_hal_tim.o
    0x080024dc   0x080024dc   0x00000060   Code   RO          282    i.HAL_TIM_MspPostInit  tim.o
    0x0800253c   0x0800253c   0x00000002   Code   RO         2454    i.HAL_TIM_OC_DelayElapsedCallback  stm32f1xx_hal_tim.o
    0x0800253e   0x0800253e   0x000000cc   Code   RO         2475    i.HAL_TIM_PWM_ConfigChannel  stm32f1xx_hal_tim.o
    0x0800260a   0x0800260a   0x0000005a   Code   RO         2478    i.HAL_TIM_PWM_Init  stm32f1xx_hal_tim.o
    0x08002664   0x08002664   0x00000028   Code   RO          284    i.HAL_TIM_PWM_MspInit  tim.o
    0x0800268c   0x0800268c   0x00000002   Code   RO         2481    i.HAL_TIM_PWM_PulseFinishedCallback  stm32f1xx_hal_tim.o
    0x0800268e   0x0800268e   0x00000002   PAD
    0x08002690   0x08002690   0x000000b4   Code   RO         2483    i.HAL_TIM_PWM_Start  stm32f1xx_hal_tim.o
    0x08002744   0x08002744   0x000001b8   Code   RO          658    i.HAL_TIM_PeriodElapsedCallback  motor.o
    0x080028fc   0x080028fc   0x00000002   Code   RO         2494    i.HAL_TIM_TriggerCallback  stm32f1xx_hal_tim.o
    0x080028fe   0x080028fe   0x00000002   Code   RO         3386    i.HAL_UARTEx_RxEventCallback  stm32f1xx_hal_uart.o
    0x08002900   0x08002900   0x00000002   Code   RO         3400    i.HAL_UART_ErrorCallback  stm32f1xx_hal_uart.o
    0x08002902   0x08002902   0x00000002   PAD
    0x08002904   0x08002904   0x0000026c   Code   RO         3403    i.HAL_UART_IRQHandler  stm32f1xx_hal_uart.o
    0x08002b70   0x08002b70   0x00000064   Code   RO         3404    i.HAL_UART_Init     stm32f1xx_hal_uart.o
    0x08002bd4   0x08002bd4   0x000001a4   Code   RO          387    i.HAL_UART_MspInit  usart.o
    0x08002d78   0x08002d78   0x0000001c   Code   RO         3409    i.HAL_UART_Receive_IT  stm32f1xx_hal_uart.o
    0x08002d94   0x08002d94   0x000000f4   Code   RO          615    i.HAL_UART_RxCpltCallback  callback.o
    0x08002e88   0x08002e88   0x00000032   Code   RO         3414    i.HAL_UART_Transmit_IT  stm32f1xx_hal_uart.o
    0x08002eba   0x08002eba   0x00000002   Code   RO         3415    i.HAL_UART_TxCpltCallback  stm32f1xx_hal_uart.o
    0x08002ebc   0x08002ebc   0x00000002   Code   RO          465    i.HardFault_Handler  stm32f1xx_it.o
    0x08002ebe   0x08002ebe   0x00000002   PAD
    0x08002ec0   0x08002ec0   0x0000003c   Code   RO          196    i.MX_CAN_Init       can.o
    0x08002efc   0x08002efc   0x000000c8   Code   RO          170    i.MX_GPIO_Init      gpio.o
    0x08002fc4   0x08002fc4   0x00000040   Code   RO          238    i.MX_I2C2_Init      i2c.o
    0x08003004   0x08003004   0x0000006c   Code   RO          285    i.MX_TIM2_Init      tim.o
    0x08003070   0x08003070   0x000000a0   Code   RO          286    i.MX_TIM3_Init      tim.o
    0x08003110   0x08003110   0x0000006c   Code   RO          287    i.MX_TIM4_Init      tim.o
    0x0800317c   0x0800317c   0x0000006c   Code   RO          288    i.MX_TIM5_Init      tim.o
    0x080031e8   0x080031e8   0x00000044   Code   RO          289    i.MX_TIM6_Init      tim.o
    0x0800322c   0x0800322c   0x00000048   Code   RO          290    i.MX_TIM7_Init      tim.o
    0x08003274   0x08003274   0x00000070   Code   RO          291    i.MX_TIM8_Init      tim.o
    0x080032e4   0x080032e4   0x00000038   Code   RO          388    i.MX_UART5_Init     usart.o
    0x0800331c   0x0800331c   0x00000038   Code   RO          389    i.MX_USART1_UART_Init  usart.o
    0x08003354   0x08003354   0x00000038   Code   RO          390    i.MX_USART2_UART_Init  usart.o
    0x0800338c   0x0800338c   0x00000038   Code   RO          391    i.MX_USART3_UART_Init  usart.o
    0x080033c4   0x080033c4   0x00000002   Code   RO          466    i.MemManage_Handler  stm32f1xx_it.o
    0x080033c6   0x080033c6   0x00000002   PAD
    0x080033c8   0x080033c8   0x00000160   Code   RO          659    i.MotorControll     motor.o
    0x08003528   0x08003528   0x000000e8   Code   RO          660    i.Motor_Init        motor.o
    0x08003610   0x08003610   0x00000002   Code   RO          467    i.NMI_Handler       stm32f1xx_it.o
    0x08003612   0x08003612   0x00000002   Code   RO          468    i.PendSV_Handler    stm32f1xx_it.o
    0x08003614   0x08003614   0x00000002   Code   RO          469    i.SVC_Handler       stm32f1xx_it.o
    0x08003616   0x08003616   0x00000004   Code   RO          470    i.SysTick_Handler   stm32f1xx_it.o
    0x0800361a   0x0800361a   0x0000005e   Code   RO           14    i.SystemClock_Config  main.o
    0x08003678   0x08003678   0x00000002   Code   RO         3738    i.SystemInit        system_stm32f1xx.o
    0x0800367a   0x0800367a   0x00000002   PAD
    0x0800367c   0x0800367c   0x0000000c   Code   RO          471    i.TIM2_IRQHandler   stm32f1xx_it.o
    0x08003688   0x08003688   0x0000000c   Code   RO          472    i.TIM4_IRQHandler   stm32f1xx_it.o
    0x08003694   0x08003694   0x0000000c   Code   RO          473    i.TIM5_IRQHandler   stm32f1xx_it.o
    0x080036a0   0x080036a0   0x0000000c   Code   RO          474    i.TIM6_IRQHandler   stm32f1xx_it.o
    0x080036ac   0x080036ac   0x0000000c   Code   RO          475    i.TIM7_IRQHandler   stm32f1xx_it.o
    0x080036b8   0x080036b8   0x0000000c   Code   RO          476    i.TIM8_BRK_IRQHandler  stm32f1xx_it.o
    0x080036c4   0x080036c4   0x0000009c   Code   RO         2496    i.TIM_Base_SetConfig  stm32f1xx_hal_tim.o
    0x08003760   0x08003760   0x0000001a   Code   RO         2497    i.TIM_CCxChannelCmd  stm32f1xx_hal_tim.o
    0x0800377a   0x0800377a   0x00000002   PAD
    0x0800377c   0x0800377c   0x00000060   Code   RO         2509    i.TIM_OC1_SetConfig  stm32f1xx_hal_tim.o
    0x080037dc   0x080037dc   0x0000006c   Code   RO         2510    i.TIM_OC2_SetConfig  stm32f1xx_hal_tim.o
    0x08003848   0x08003848   0x00000068   Code   RO         2511    i.TIM_OC3_SetConfig  stm32f1xx_hal_tim.o
    0x080038b0   0x080038b0   0x00000050   Code   RO         2512    i.TIM_OC4_SetConfig  stm32f1xx_hal_tim.o
    0x08003900   0x08003900   0x00000010   Code   RO         3417    i.UART_DMAAbortOnError  stm32f1xx_hal_uart.o
    0x08003910   0x08003910   0x0000004e   Code   RO         3427    i.UART_EndRxTransfer  stm32f1xx_hal_uart.o
    0x0800395e   0x0800395e   0x000000c2   Code   RO         3429    i.UART_Receive_IT   stm32f1xx_hal_uart.o
    0x08003a20   0x08003a20   0x000000b8   Code   RO         3430    i.UART_SetConfig    stm32f1xx_hal_uart.o
    0x08003ad8   0x08003ad8   0x00000036   Code   RO         3432    i.UART_Start_Receive_IT  stm32f1xx_hal_uart.o
    0x08003b0e   0x08003b0e   0x00000002   PAD
    0x08003b10   0x08003b10   0x0000000c   Code   RO          477    i.USART1_IRQHandler  stm32f1xx_it.o
    0x08003b1c   0x08003b1c   0x0000000c   Code   RO          478    i.USART2_IRQHandler  stm32f1xx_it.o
    0x08003b28   0x08003b28   0x00000002   Code   RO          479    i.UsageFault_Handler  stm32f1xx_it.o
    0x08003b2a   0x08003b2a   0x00000028   Code   RO         3925    i.__ARM_fpclassify  m_ws.l(fpclassify.o)
    0x08003b52   0x08003b52   0x00000020   Code   RO         1477    i.__NVIC_SetPriority  stm32f1xx_hal_cortex.o
    0x08003b72   0x08003b72   0x00000002   Code   RO          392    i._sys_exit         usart.o
    0x08003b74   0x08003b74   0x00000018   Code   RO          393    i.fputc             usart.o
    0x08003b8c   0x08003b8c   0x0000010c   Code   RO           15    i.main              main.o
    0x08003c98   0x08003c98   0x00000008   Code   RO          662    i.myabs             motor.o
    0x08003ca0   0x08003ca0   0x0000002c   Code   RO         3919    locale$$code        c_w.l(lc_numeric_c.o)
    0x08003ccc   0x08003ccc   0x00000062   Code   RO         3812    x$fpl$d2f           fz_ws.l(d2f.o)
    0x08003d2e   0x08003d2e   0x00000002   PAD
    0x08003d30   0x08003d30   0x00000010   Code   RO         3852    x$fpl$dcheck1       fz_ws.l(dcheck1.o)
    0x08003d40   0x08003d40   0x000002b0   Code   RO         3815    x$fpl$ddiv          fz_ws.l(ddiv.o)
    0x08003ff0   0x08003ff0   0x00000026   Code   RO         3818    x$fpl$dfltu         fz_ws.l(dflt_clz.o)
    0x08004016   0x08004016   0x00000002   PAD
    0x08004018   0x08004018   0x00000154   Code   RO         3824    x$fpl$dmul          fz_ws.l(dmul.o)
    0x0800416c   0x0800416c   0x0000009c   Code   RO         3854    x$fpl$dnaninf       fz_ws.l(dnaninf.o)
    0x08004208   0x08004208   0x0000000c   Code   RO         3856    x$fpl$dretinf       fz_ws.l(dretinf.o)
    0x08004214   0x08004214   0x00000056   Code   RO         3826    x$fpl$f2d           fz_ws.l(f2d.o)
    0x0800426a   0x0800426a   0x00000002   PAD
    0x0800426c   0x0800426c   0x00000184   Code   RO         3829    x$fpl$fdiv          fz_ws.l(fdiv.o)
    0x080043f0   0x080043f0   0x00000030   Code   RO         3833    x$fpl$fflt          fz_ws.l(fflt_clz.o)
    0x08004420   0x08004420   0x00000102   Code   RO         3838    x$fpl$fmul          fz_ws.l(fmul.o)
    0x08004522   0x08004522   0x0000008c   Code   RO         3858    x$fpl$fnaninf       fz_ws.l(fnaninf.o)
    0x080045ae   0x080045ae   0x0000000a   Code   RO         3860    x$fpl$fretinf       fz_ws.l(fretinf.o)
    0x080045b8   0x080045b8   0x00000004   Code   RO         3840    x$fpl$printf1       fz_ws.l(printf1.o)
    0x080045bc   0x080045bc   0x00000064   Code   RO         3923    x$fpl$retnan        fz_ws.l(retnan.o)
    0x08004620   0x08004620   0x0000005c   Code   RO         3842    x$fpl$scalbn        fz_ws.l(scalbn.o)
    0x0800467c   0x0800467c   0x00000030   Code   RO         3989    x$fpl$trapveneer    fz_ws.l(trapv.o)
    0x080046ac   0x080046ac   0x00000000   Code   RO         3862    x$fpl$usenofp       fz_ws.l(usenofp.o)
    0x080046ac   0x080046ac   0x00000012   Data   RO         1175    .constdata          stm32f1xx_hal_rcc.o
    0x080046be   0x080046be   0x00000010   Data   RO         3739    .constdata          system_stm32f1xx.o
    0x080046ce   0x080046ce   0x00000008   Data   RO         3740    .constdata          system_stm32f1xx.o
    0x080046d6   0x080046d6   0x00000002   PAD
    0x080046d8   0x080046d8   0x00000094   Data   RO         3890    .constdata          c_w.l(bigflt0.o)
    0x0800476c   0x0800476c   0x00000020   Data   RO         4068    Region$$Table       anon$$obj.o
    0x0800478c   0x0800478c   0x0000001c   Data   RO         3918    locale$$data        c_w.l(lc_numeric_c.o)


    Execution Region RW_IRAM1 (Exec base: 0x20000000, Load base: 0x080047a8, Size: 0x00000c90, Max: 0x0000c000, ABSOLUTE)

    Exec Addr    Load Addr    Size         Type   Attr      Idx    E Section Name        Object

    0x20000000   0x080047a8   0x00000004   Data   RW          395    .data               usart.o
    0x20000004   0x080047ac   0x00000010   Data   RW          618    .data               callback.o
    0x20000014   0x080047bc   0x00000001   Data   RW          619    .data               callback.o
    0x20000015   0x080047bd   0x00000001   Data   RW          620    .data               callback.o
    0x20000016   0x080047be   0x00000001   Data   RW          621    .data               callback.o
    0x20000017   0x080047bf   0x00000001   Data   RW          622    .data               callback.o
    0x20000018   0x080047c0   0x00000014   Data   RW          664    .data               motor.o
    0x2000002c   0x080047d4   0x0000000c   Data   RW         1012    .data               stm32f1xx_hal.o
    0x20000038   0x080047e0   0x00000004   Data   RW         3741    .data               system_stm32f1xx.o
    0x2000003c        -       0x00000028   Zero   RW          197    .bss                can.o
    0x20000064        -       0x00000054   Zero   RW          239    .bss                i2c.o
    0x200000b8        -       0x000001f8   Zero   RW          292    .bss                tim.o
    0x200002b0        -       0x00000120   Zero   RW          394    .bss                usart.o
    0x200003d0        -       0x000001ff   Zero   RW          616    .bss                callback.o
    0x200005cf   0x080047e4   0x00000001   PAD
    0x200005d0        -       0x00000060   Zero   RW          663    .bss                motor.o
    0x20000630        -       0x00000060   Zero   RW         3928    .bss                c_w.l(libspace.o)
    0x20000690        -       0x00000200   Zero   RW            2    HEAP                startup_stm32f103xe.o
    0x20000890        -       0x00000400   Zero   RW            1    STACK               startup_stm32f103xe.o


==============================================================================

Image component sizes


      Code (inc. data)   RO Data    RW Data    ZI Data      Debug   Object Name

       244         44          0         20        511       1886   callback.o
       192         26          0          0         40       1539   can.o
       200         16          0          0          0        903   gpio.o
       160         28          0          0         84       1485   i2c.o
       366         66          0          0          0     505716   main.o
      1032         94          0         20         96       4506   motor.o
        64         26        304          0       1536        776   startup_stm32f103xe.o
       164         28          0         12          0       6221   stm32f1xx_hal.o
       282          0          0          0          0       1319   stm32f1xx_hal_can.o
       198         14          0          0          0      28719   stm32f1xx_hal_cortex.o
       374          8          0          0          0       1727   stm32f1xx_hal_dma.o
       514         42          0          0          0       2800   stm32f1xx_hal_gpio.o
       392         16          0          0          0       3135   stm32f1xx_hal_i2c.o
        60          8          0          0          0        910   stm32f1xx_hal_msp.o
      1240         84         18          0          0       4896   stm32f1xx_hal_rcc.o
      1860         98          0          0          0      13851   stm32f1xx_hal_tim.o
       128         20          0          0          0       2257   stm32f1xx_hal_tim_ex.o
      1330         10          0          0          0       9123   stm32f1xx_hal_uart.o
       116         48          0          0          0       6714   stm32f1xx_it.o
         2          0         24          4          0       1011   system_stm32f1xx.o
      1352        132          0          0        504       7054   tim.o
       670         74          0          4        288       5651   usart.o

    ----------------------------------------------------------------------
     10964        882        380         60       3060     612199   Object Totals
         0          0         32          0          0          0   (incl. Generated)
        24          0          2          0          1          0   (incl. Padding)

    ----------------------------------------------------------------------

      Code (inc. data)   RO Data    RW Data    ZI Data      Debug   Library Member Name

         8          0          0          0          0         68   __main.o
       104          0          0          0          0         84   __printf.o
         0          0          0          0          0          0   __rtentry.o
        12          0          0          0          0          0   __rtentry2.o
         6          0          0          0          0          0   __rtentry4.o
        52          8          0          0          0          0   __scatter.o
        26          0          0          0          0          0   __scatter_copy.o
        28          0          0          0          0          0   __scatter_zi.o
        48          6          0          0          0         96   _printf_char_common.o
        36          4          0          0          0         80   _printf_char_file.o
         6          0          0          0          0          0   _printf_f.o
      1054          0          0          0          0        216   _printf_fp_dec.o
       128         16          0          0          0         84   _printf_fp_infnan.o
         0          0          0          0          0          0   _printf_percent.o
         4          0          0          0          0          0   _printf_percent_end.o
       228          4        148          0          0         96   bigflt0.o
      1936        128          0          0          0        672   btod.o
        18          0          0          0          0         80   exit.o
         8          0          0          0          0         68   ferror.o
         6          0          0          0          0        152   heapauxi.o
        44         10         28          0          0         76   lc_numeric_c.o
         2          0          0          0          0          0   libinit.o
        18          0          0          0          0          0   libinit2.o
         2          0          0          0          0          0   libshutdown.o
         2          0          0          0          0          0   libshutdown2.o
         8          4          0          0         96         68   libspace.o
       138          0          0          0          0         80   lludiv10.o
        24          4          0          0          0         84   noretval__2printf.o
         8          4          0          0          0         68   rt_locale_intlibspace.o
        78          0          0          0          0         80   rt_memclr_w.o
         2          0          0          0          0          0   rtexit.o
        10          0          0          0          0          0   rtexit2.o
       128          0          0          0          0         68   strcmpv7m.o
        74          0          0          0          0         80   sys_stackheap_outer.o
         2          0          0          0          0         68   use_no_semi.o
         2          0          0          0          0         68   use_no_semi_2.o
        98          4          0          0          0         92   d2f.o
        16          4          0          0          0         68   dcheck1.o
       688        140          0          0          0        208   ddiv.o
        38          0          0          0          0         68   dflt_clz.o
       340         12          0          0          0        104   dmul.o
       156          4          0          0          0         92   dnaninf.o
        12          0          0          0          0         68   dretinf.o
        86          4          0          0          0         84   f2d.o
       388         76          0          0          0         96   fdiv.o
        48          0          0          0          0         68   fflt_clz.o
       258          4          0          0          0         84   fmul.o
       140          4          0          0          0         84   fnaninf.o
        10          0          0          0          0         68   fretinf.o
         4          0          0          0          0         68   printf1.o
       100          0          0          0          0         68   retnan.o
        92          0          0          0          0         68   scalbn.o
        48          0          0          0          0         68   trapv.o
         0          0          0          0          0          0   usenofp.o
        40          0          0          0          0         68   fpclassify.o

    ----------------------------------------------------------------------
      6824        440        176          0         96       3960   Library Totals
        12          0          0          0          0          0   (incl. Padding)

    ----------------------------------------------------------------------

      Code (inc. data)   RO Data    RW Data    ZI Data      Debug   Library Name

      4250        188        176          0         96       2436   c_w.l
      2522        252          0          0          0       1456   fz_ws.l
        40          0          0          0          0         68   m_ws.l

    ----------------------------------------------------------------------
      6824        440        176          0         96       3960   Library Totals

    ----------------------------------------------------------------------

==============================================================================


      Code (inc. data)   RO Data    RW Data    ZI Data      Debug   

     17788       1322        556         60       3156     608771   Grand Totals
     17788       1322        556         60       3156     608771   ELF Image Totals
     17788       1322        556         60          0          0   ROM Totals

==============================================================================

    Total RO  Size (Code + RO Data)                18344 (  17.91kB)
    Total RW  Size (RW Data + ZI Data)              3216 (   3.14kB)
    Total ROM Size (Code + RO Data + RW Data)      18404 (  17.97kB)

==============================================================================

